_10       = 2*1
_11       = 1 + _10
_100      = 1 + _11
_1000     = 2*_100
_1010     = _10 + _1000
_1011     = 1 + _1010
_10000    = 2*_1000
_10110    = 2*_1011
_100000   = _1010 + _10110
_100110   = _10000 + _10110
_1000000  = 2*_100000
_1010000  = _10000 + _1000000
_1010011  = _11 + _1010000
_1100011  = _10000 + _1010011
_1100111  = _100 + _1100011
_1101011  = _100 + _1100111
_10010011 = _1000000 + _1010011
_10010111 = _100 + _10010011
_10111101 = _100110 + _10010111
_11010011 = _10110 + _10111101
_11100111 = _1010000 + _10010111
_11101011 = _100 + _11100111
_11110101 = _1010 + _11101011
i161      = ((_1011 + _11110101) << 126 + _1010011) << 9 + _10
i180      = ((_11110101 + i161) << 7 + _1100111) << 9 + _11110101
i210      = ((i180 << 11 + _10111101) << 8 + _11100111) << 9
i233      = ((_1101011 + i210) << 6 + _1011) << 14 + _10010011
i264      = ((i233 << 10 + _1100011) << 9 + _10010111) << 10
return      ((_11110101 + i264) << 8 + _11010011) << 8 + _11101011
