_10     = 2*1
_11     = 1 + _10
_110    = 2*_11
_111    = 1 + _110
_111000 = _111 << 3
_111111 = _111 + _111000
x12     = _111111 << 6 + _111111
x24     = x12 << 12 + x12
i34     = x24 << 6
x30     = _111111 + i34
x48     = i34 << 18 + x24
x96     = x48 << 48 + x48
x192    = x96 << 96 + x96
x222    = x192 << 30 + x30
x223    = 2*x222 + 1
return    (x223 << 223 + x222) << 2 + 1
