_10       = 2*1
_11       = 1 + _10
_101      = _10 + _11
_111      = _10 + _101
_1001     = _10 + _111
_1011     = _10 + _1001
_1100     = 1 + _1011
_1111     = _11 + _1100
_10110    = _111 + _1111
_11000    = _10 + _10110
_11001    = 1 + _11000
_110010   = 2*_11001
_1001000  = _10110 + _110010
_1001010  = _10 + _1001000
_1010110  = _1100 + _1001010
_1011001  = _11 + _1010110
_1011011  = _10 + _1011001
_1100100  = _1001 + _1011011
_10111101 = _1011001 + _1100100
_11010101 = _11000 + _10111101
i21       = _1010110 + _11010101
i22       = _111 + i21
i23       = _11000 + i21
i24       = _1011001 + i21
i25       = 1 + i24
i26       = _11001 + i25
i27       = _1011 + i26
i28       = _11001 + i27
i30       = 2*i28 + i26
i31       = _1100100 + i30
i32       = _11010101 + i31
i33       = _1001010 + i32
i34       = _10111101 + i33
i35       = i23 + i34
i36       = i27 + i35
i37       = i31 + i36
i38       = _1001000 + i37
i39       = _1011011 + i38
i40       = i30 + i39
i41       = _10110 + i40
i42       = i36 + i41
i43       = i21 + i42
i44       = i26 + i43
i45       = i25 + i44
i46       = i22 + i45
i47       = i22 + i46
i48       = i38 + i47
i49       = i33 + i48
i50       = i45 + i49
i51       = i37 + i50
i52       = i24 + i51
i53       = i28 + i52
i54       = i44 + i53
i55       = i43 + i54
i56       = i49 + i55
i61       = (i34 + i56) << 4
x20       = i47 + i61
i108      = ((i61 << 8 + i32) << 19 + i56) << 17
i147      = ((i54 + i108) << 17 + i46) << 19 + i55
i197      = ((i147 << 16 + i51) << 16 + i48) << 16
i231      = ((i50 + i197) << 14 + i40) << 17 + i39
i285      = ((i231 << 17 + i41) << 19 + i53) << 16
i313      = ((i52 + i285) << 2 + 1) << 23 + i35
i377      = ((i313 << 22 + x20) << 20 + x20) << 20
i420      = ((x20 + i377) << 20 + x20) << 20 + x20
i482      = ((i420 << 20 + x20) << 20 + x20) << 20
i525      = ((x20 + i482) << 20 + x20) << 20 + x20
i580      = ((i525 << 20 + x20) << 20 + x20) << 13
return      i42 + i580
