_10     = 2*1
_11     = 1 + _10
_1100   = _11 << 2
_1111   = _11 + _1100
_111100 = _1111 << 2
_111111 = _11 + _111100
x10     = _111111 << 4 + _1111
x20     = x10 << 10 + x10
x26     = x20 << 6 + _111111
x52     = x26 << 26 + x26
x104    = x52 << 52 + x52
x208    = x104 << 104 + x104
x218    = x208 << 10 + x10
return    x218 << 3 + _11
