_10     = 2*1
_11     = 1 + _10
_110    = 2*_11
_111    = 1 + _110
_111000 = _111 << 3
_111111 = _111 + _111000
x12     = _111111 << 6 + _111111
x14     = x12 << 2 + _11
x17     = x14 << 3 + _111
x31     = x17 << 14 + x14
x48     = x31 << 17 + x17
x96     = x48 << 48 + x48
x127    = x96 << 31 + x31
return    x127 << 97 + x96
