_10      = 2*1
_11      = 1 + _10
_110     = 2*_11
_111     = 1 + _110
_111000  = _111 << 3
_111111  = _111 + _111000
_1111110 = 2*_111111
_1111111 = 1 + _1111110
x14      = _1111111 << 7 + _1111111
x15      = 2*x14 + 1
x30      = x15 << 15 + x15
x60      = x30 << 30 + x30
x120     = x60 << 60 + x60
x240     = x120 << 120 + x120
x247     = x240 << 7 + _1111111
return     (x247 << 2 + 1) << 2 + 1
