_10       = 2*1
_100      = 2*_10
_101      = 1 + _100
_111      = _10 + _101
_1000     = 1 + _111
_1110     = 2*_111
_10000    = _10 + _1110
_100000   = 2*_10000
_100101   = _101 + _100000
_100111   = _10 + _100101
_101011   = _100 + _100111
_101100   = 1 + _101011
_101111   = _100 + _101011
_1001111  = _100000 + _101111
_1011011  = _101100 + _101111
_1011100  = 1 + _1011011
_1100011  = _111 + _1011100
_10111111 = _1011100 + _1100011
_11011111 = _100000 + _10111111
_11111111 = _100000 + _11011111
i28       = _11111111 << 8
x16       = _11111111 + i28
i37       = i28 << 8
x24       = x16 + i37
x32       = i37 << 8 + x24
i151      = ((x32 << 64 + x32) << 32 + x32) << 6
i169      = ((_101111 + i151) << 5 + _111) << 10 + _11011111
i190      = ((i169 << 4 + _101) << 8 + _1011011) << 7
i210      = ((_100111 + i190) << 9 + _101111) << 8 + _101111
i229      = ((_1110 + i210) << 11 + _1001111) << 5 + _111
i249      = (i229 << 9 + _11011111 + _1000) << 8 + _101011
i281      = ((i249 << 12 + _10111111) << 10 + _1100011) << 8
return      (_100101 + i281) << 8 + _1001111
