_10       = 2*1
_11       = 1 + _10
_110      = 2*_11
_111      = 1 + _110
_1110     = 2*_111
_10101    = _111 + _1110
_101010   = 2*_10101
_111111   = _10101 + _101010
_1111110  = 2*_111111
_11111100 = 2*_1111110
i11       = 2*_11111100
i25       = (i11 << 5 + _11111100) << 7 + i11
i51       = (i25 << 5 + _11111100) << 19 + i25
i101      = (i51 << 5 + _11111100) << 43 + i51
i199      = (i101 << 4 + _1111110) << 92 + i101
x375      = i199 << 186 + i199 + _111
return      x375 << 7 + _10101
