_10       = 2*1
_11       = 1 + _10
_1100     = _11 << 2
_1111     = _11 + _1100
_11110000 = _1111 << 4
_11111111 = _1111 + _11110000
x16       = _11111111 << 8 + _11111111
x20       = x16 << 4 + _1111
x22       = x20 << 2 + _11
x44       = x22 << 22 + x22
x88       = x44 << 44 + x44
x176      = x88 << 88 + x88
x352      = x176 << 176 + x176
x374      = x352 << 22 + x22
x375      = 2*x374 + 1
return      (x375 << 2 + 1) << 6 + _11
