_10       = 2*1
_11       = 1 + _10
_101      = _10 + _11
_111      = _10 + _101
_1000     = 1 + _111
_1001     = 1 + _1000
_1011     = _10 + _1001
_1101     = _10 + _1011
_1111     = _10 + _1101
_10111    = _1000 + _1111
_11001    = _10 + _10111
_11011    = _10 + _11001
_11111    = _1000 + _10111
_1111100  = _11111 << 2
_11111000 = 2*_1111100
i17       = 2*_11111000
i23       = i17 << 5 + i17
i34       = i23 << 10 + i23
i61       = (i34 << 4 + _11111000) << 21 + i34
i113      = (i61 << 3 + _1111100) << 47 + i61
x194      = i113 << 95 + i113 + _1111
i228      = ((x194 << 6 + _111) << 3 + _11) << 7
i249      = ((_1101 + i228) << 7 + _11011) << 11 + _11111
i263      = ((i249 << 2 + 1) << 6 + _11) << 4
i276      = ((_111 + i263) << 6 + _1011) << 4 + _111
i299      = ((i276 << 6 + _11111) << 5 + _1011) << 10
i318      = ((_1101 + i299) << 10 + _11011) << 6 + _11001
i340      = ((i318 << 6 + _1001) << 7 + _1011) << 7
i353      = ((_101 + i340) << 5 + _111) << 5 + _1111
i369      = ((i353 << 6 + _10111) << 3 + _11) << 5
i385      = ((_111 + i369) << 3 + _11) << 10 + _11001
i401      = ((i385 << 5 + _1101) << 5 + _1011) << 4
i414      = ((_11 + i401) << 4 + _11) << 6 + _101
i432      = ((i414 << 5 + _101) << 7 + _10111) << 4
return      1 + i432
