_10     = 2*1
_11     = 1 + _10
_110    = 2*_11
_111    = 1 + _110
_111000 = _111 << 3
_111111 = _111 + _111000
x12     = _111111 << 6 + _111111
x24     = x12 << 12 + x12
x30     = x24 << 6 + _111111
x31     = 2*x30 + 1
x32     = 2*x31 + 1
x63     = x32 << 31 + x31
x126    = x63 << 63 + x63
x252    = x126 << 126 + x126
x255    = x252 << 3 + _111
return    ((x255 << 33 + x32) << 94 + x30) << 2
