_10       = 2*1
_11       = 1 + _10
_1100     = _11 << 2
_1111     = _11 + _1100
_111100   = _1111 << 2
_111111   = _11 + _111100
_11111100 = _111111 << 2
_11111111 = _11 + _11111100
x16       = _11111111 << 8 + _11111111
x22       = x16 << 6 + _111111
x30       = x22 << 8 + _11111111
x60       = x30 << 30 + x30
x120      = x60 << 60 + x60
x240      = x120 << 120 + x120
x480      = x240 << 240 + x240
x502      = x480 << 22 + x22
x503      = 2*x502 + 1
return      (x503 << 2 + 1) << 6 + _11
