_10      = 2*1
_11      = 1 + _10
_101     = _10 + _11
_111     = _10 + _101
_11100   = _111 << 2
_11111   = _11 + _11100
_1111100 = _11111 << 2
_1111111 = _11 + _1111100
i15      = _1111111 << 5
x19      = i15 << 7 + i15 + _11111
i31      = x19 << 7
i51      = i31 << 19 + i31
i90      = i51 << 38 + i51
x159     = i90 << 76 + i90 + _1111111
i199     = ((x159 << 20 + x19) << 4 + _111) << 5
return     (_11 + i199) << 4 + _101
