double	r	x
add	t0	x	r
shift	r	t0	2
add	r	t0	r
shift	r	r	2
add	r	t0	r
shift	t1	r	6
add	t1	r	t1
shift	t2	t1	12
add	t1	t1	t2
shift	t1	t1	6
add	r	r	t1
shift	t1	r	2
add	t0	t0	t1
shift	t1	t0	32
add	t1	x	t1
shift	t1	t1	128
add	t1	t0	t1
shift	t1	t1	32
add	t0	t0	t1
shift	t0	t0	30
add	r	r	t0
shift	r	r	2
