{
	"opt(dictionary(hybrid(2,0),continued_fractions(binary)))": 289,
	"opt(dictionary(hybrid(2,0),continued_fractions(co_binary)))": 289,
	"opt(dictionary(hybrid(2,0),continued_fractions(dichotomic)))": 289,
	"opt(dictionary(hybrid(2,0),heuristic(use_first(halving,approximation))))": 289,
	"opt(dictionary(hybrid(2,0),heuristic(use_first(halving,delta_largest))))": 289,
	"opt(dictionary(hybrid(2,16),continued_fractions(binary)))": 289,
	"opt(dictionary(hybrid(2,16),continued_fractions(co_binary)))": 289,
	"opt(dictionary(hybrid(2,16),continued_fractions(dichotomic)))": 289,
	"opt(dictionary(hybrid(2,16),heuristic(use_first(halving,approximation))))": 289,
	"opt(dictionary(hybrid(2,16),heuristic(use_first(halving,delta_largest))))": 289,
	"opt(dictionary(hybrid(2,32),continued_fractions(binary)))": 289,
	"opt(dictionary(hybrid(2,32),continued_fractions(co_binary)))": 289,
	"opt(dictionary(hybrid(2,32),continued_fractions(dichotomic)))": 289,
	"opt(dictionary(hybrid(2,32),heuristic(use_first(halving,approximation))))": 289,
	"opt(dictionary(hybrid(2,32),heuristic(use_first(halving,delta_largest))))": 289,
	"opt(dictionary(hybrid(2,64),continued_fractions(binary)))": 289,
	"opt(dictionary(hybrid(2,64),continued_fractions(co_binary)))": 289,
	"opt(dictionary(hybrid(2,64),continued_fractions(dichotomic)))": 289,
	"opt(dictionary(hybrid(2,64),heuristic(use_first(halving,approximation))))": 289,
	"opt(dictionary(hybrid(2,64),heuristic(use_first(halving,delta_largest))))": 289,
	"opt(dictionary(hybrid(3,0),continued_fractions(binary)))": 287,
	"opt(dictionary(hybrid(3,0),continued_fractions(co_binary)))": 287,
	"opt(dictionary(hybrid(3,0),continued_fractions(dichotomic)))": 287,
	"opt(dictionary(hybrid(3,0),heuristic(use_first(halving,approximation))))": 287,
	"opt(dictionary(hybrid(3,0),heuristic(use_first(halving,delta_largest))))": 287,
	"opt(dictionary(hybrid(3,16),continued_fractions(binary)))": 287,
	"opt(dictionary(hybrid(3,16),continued_fractions(co_binary)))": 287,
	"opt(dictionary(hybrid(3,16),continued_fractions(dichotomic)))": 287,
	"opt(dictionary(hybrid(3,16),heuristic(use_first(halving,approximation))))": 287,
	"opt(dictionary(hybrid(3,16),heuristic(use_first(halving,delta_largest))))": 287,
	"opt(dictionary(hybrid(3,32),continued_fractions(binary)))": 287,
	"opt(dictionary(hybrid(3,32),continued_fractions(co_binary)))": 287,
	"opt(dictionary(hybrid(3,32),continued_fractions(dichotomic)))": 287,
	"opt(dictionary(hybrid(3,32),heuristic(use_first(halving,approximation))))": 287,
	"opt(dictionary(hybrid(3,32),heuristic(use_first(halving,delta_largest))))": 287,
	"opt(dictionary(hybrid(3,64),continued_fractions(binary)))": 287,
	"opt(dictionary(hybrid(3,64),continued_fractions(co_binary)))": 287,
	"opt(dictionary(hybrid(3,64),continued_fractions(dichotomic)))": 287,
	"opt(dictionary(hybrid(3,64),heuristic(use_first(halving,approximation))))": 287,
	"opt(dictionary(hybrid(3,64),heuristic(use_first(halving,delta_largest))))": 287,
	"opt(dictionary(hybrid(4,0),continued_fractions(binary)))": 283,
	"opt(dictionary(hybrid(4,0),continued_fractions(co_binary)))": 283,
	"opt(dictionary(hybrid(4,0),continued_fractions(dichotomic)))": 283,
	"opt(dictionary(hybrid(4,0),heuristic(use_first(halving,approximation))))": 283,
	"opt(dictionary(hybrid(4,0),heuristic(use_first(halving,delta_largest))))": 283,
	"opt(dictionary(hybrid(4,16),continued_fractions(binary)))": 283,
	"opt(dictionary(hybrid(4,16),continued_fractions(co_binary)))": 283,
	"opt(dictionary(hybrid(4,16),continued_fractions(dichotomic)))": 283,
	"opt(dictionary(hybrid(4,16),heuristic(use_first(halving,approximation))))": 283,
	"opt(dictionary(hybrid(4,16),heuristic(use_first(halving,delta_largest))))": 283,
	"opt(dictionary(hybrid(4,32),continued_fractions(binary)))": 283,
	"opt(dictionary(hybrid(4,32),continued_fractions(co_binary)))": 283,
	"opt(dictionary(hybrid(4,32),continued_fractions(dichotomic)))": 283,
	"opt(dictionary(hybrid(4,32),heuristic(use_first(halving,approximation))))": 283,
	"opt(dictionary(hybrid(4,32),heuristic(use_first(halving,delta_largest))))": 283,
	"opt(dictionary(hybrid(4,64),continued_fractions(binary)))": 283,
	"opt(dictionary(hybrid(4,64),continued_fractions(co_binary)))": 283,
	"opt(dictionary(hybrid(4,64),continued_fractions(dichotomic)))": 283,
	"opt(dictionary(hybrid(4,64),heuristic(use_first(halving,approximation))))": 283,
	"opt(dictionary(hybrid(4,64),heuristic(use_first(halving,delta_largest))))": 283,
	"opt(dictionary(hybrid(5,0),continued_fractions(binary)))": 285,
	"opt(dictionary(hybrid(5,0),continued_fractions(co_binary)))": 285,
	"opt(dictionary(hybrid(5,0),continued_fractions(dichotomic)))": 285,
	"opt(dictionary(hybrid(5,0),heuristic(use_first(halving,approximation))))": 285,
	"opt(dictionary(hybrid(5,0),heuristic(use_first(halving,delta_largest))))": 285,
	"opt(dictionary(hybrid(5,16),continued_fractions(binary)))": 285,
	"opt(dictionary(hybrid(5,16),continued_fractions(co_binary)))": 285,
	"opt(dictionary(hybrid(5,16),continued_fractions(dichotomic)))": 285,
	"opt(dictionary(hybrid(5,16),heuristic(use_first(halving,approximation))))": 285,
	"opt(dictionary(hybrid(5,16),heuristic(use_first(halving,delta_largest))))": 285,
	"opt(dictionary(hybrid(5,32),continued_fractions(binary)))": 285,
	"opt(dictionary(hybrid(5,32),continued_fractions(co_binary)))": 285,
	"opt(dictionary(hybrid(5,32),continued_fractions(dichotomic)))": 285,
	"opt(dictionary(hybrid(5,32),heuristic(use_first(halving,approximation))))": 285,
	"opt(dictionary(hybrid(5,32),heuristic(use_first(halving,delta_largest))))": 285,
	"opt(dictionary(hybrid(5,64),continued_fractions(binary)))": 285,
	"opt(dictionary(hybrid(5,64),continued_fractions(co_binary)))": 285,
	"opt(dictionary(hybrid(5,64),continued_fractions(dichotomic)))": 285,
	"opt(dictionary(hybrid(5,64),heuristic(use_first(halving,approximation))))": 285,
	"opt(dictionary(hybrid(5,64),heuristic(use_first(halving,delta_largest))))": 285,
	"opt(dictionary(hybrid(6,0),continued_fractions(binary)))": 285,
	"opt(dictionary(hybrid(6,0),continued_fractions(co_binary)))": 285,
	"opt(dictionary(hybrid(6,0),continued_fractions(dichotomic)))": 285,
	"opt(dictionary(hybrid(6,0),heuristic(use_first(halving,approximation))))": 285,
	"opt(dictionary(hybrid(6,0),heuristic(use_first(halving,delta_largest))))": 285,
	"opt(dictionary(hybrid(6,16),continued_fractions(binary)))": 285,
	"opt(dictionary(hybrid(6,16),continued_fractions(co_binary)))": 285,
	"opt(dictionary(hybrid(6,16),continued_fractions(dichotomic)))": 285,
	"opt(dictionary(hybrid(6,16),heuristic(use_first(halving,approximation))))": 285,
	"opt(dictionary(hybrid(6,16),heuristic(use_first(halving,delta_largest))))": 285,
	"opt(dictionary(hybrid(6,32),continued_fractions(binary)))": 285,
	"opt(dictionary(hybrid(6,32),continued_fractions(co_binary)))": 285,
	"opt(dictionary(hybrid(6,32),continued_fractions(dichotomic)))": 285,
	"opt(dictionary(hybrid(6,32),heuristic(use_first(halving,approximation))))": 285,
	"opt(dictionary(hybrid(6,32),heuristic(use_first(halving,delta_largest))))": 285,
	"opt(dictionary(hybrid(6,64),continued_fractions(binary)))": 285,
	"opt(dictionary(hybrid(6,64),continued_fractions(co_binary)))": 285,
	"opt(dictionary(hybrid(6,64),continued_fractions(dichotomic)))": 285,
	"opt(dictionary(hybrid(6,64),heuristic(use_first(halving,approximation))))": 285,
	"opt(dictionary(hybrid(6,64),heuristic(use_first(halving,delta_largest))))": 285,
	"opt(dictionary(hybrid(7,0),continued_fractions(binary)))": 284,
	"opt(dictionary(hybrid(7,0),continued_fractions(co_binary)))": 284,
	"opt(dictionary(hybrid(7,0),continued_fractions(dichotomic)))": 284,
	"opt(dictionary(hybrid(7,0),heuristic(use_first(halving,approximation))))": 285,
	"opt(dictionary(hybrid(7,0),heuristic(use_first(halving,delta_largest))))": 284,
	"opt(dictionary(hybrid(7,16),continued_fractions(binary)))": 284,
	"opt(dictionary(hybrid(7,16),continued_fractions(co_binary)))": 284,
	"opt(dictionary(hybrid(7,16),continued_fractions(dichotomic)))": 284,
	"opt(dictionary(hybrid(7,16),heuristic(use_first(halving,approximation))))": 285,
	"opt(dictionary(hybrid(7,16),heuristic(use_first(halving,delta_largest))))": 284,
	"opt(dictionary(hybrid(7,32),continued_fractions(binary)))": 284,
	"opt(dictionary(hybrid(7,32),continued_fractions(co_binary)))": 284,
	"opt(dictionary(hybrid(7,32),continued_fractions(dichotomic)))": 284,
	"opt(dictionary(hybrid(7,32),heuristic(use_first(halving,approximation))))": 285,
	"opt(dictionary(hybrid(7,32),heuristic(use_first(halving,delta_largest))))": 284,
	"opt(dictionary(hybrid(7,64),continued_fractions(binary)))": 284,
	"opt(dictionary(hybrid(7,64),continued_fractions(co_binary)))": 284,
	"opt(dictionary(hybrid(7,64),continued_fractions(dichotomic)))": 284,
	"opt(dictionary(hybrid(7,64),heuristic(use_first(halving,approximation))))": 285,
	"opt(dictionary(hybrid(7,64),heuristic(use_first(halving,delta_largest))))": 284,
	"opt(dictionary(hybrid(8,0),continued_fractions(binary)))": 283,
	"opt(dictionary(hybrid(8,0),continued_fractions(co_binary)))": 283,
	"opt(dictionary(hybrid(8,0),continued_fractions(dichotomic)))": 283,
	"opt(dictionary(hybrid(8,0),heuristic(use_first(halving,approximation))))": 285,
	"opt(dictionary(hybrid(8,0),heuristic(use_first(halving,delta_largest))))": 284,
	"opt(dictionary(hybrid(8,16),continued_fractions(binary)))": 283,
	"opt(dictionary(hybrid(8,16),continued_fractions(co_binary)))": 283,
	"opt(dictionary(hybrid(8,16),continued_fractions(dichotomic)))": 283,
	"opt(dictionary(hybrid(8,16),heuristic(use_first(halving,approximation))))": 285,
	"opt(dictionary(hybrid(8,16),heuristic(use_first(halving,delta_largest))))": 284,
	"opt(dictionary(hybrid(8,32),continued_fractions(binary)))": 283,
	"opt(dictionary(hybrid(8,32),continued_fractions(co_binary)))": 283,
	"opt(dictionary(hybrid(8,32),continued_fractions(dichotomic)))": 283,
	"opt(dictionary(hybrid(8,32),heuristic(use_first(halving,approximation))))": 285,
	"opt(dictionary(hybrid(8,32),heuristic(use_first(halving,delta_largest))))": 284,
	"opt(dictionary(hybrid(8,64),continued_fractions(binary)))": 283,
	"opt(dictionary(hybrid(8,64),continued_fractions(co_binary)))": 283,
	"opt(dictionary(hybrid(8,64),continued_fractions(dichotomic)))": 283,
	"opt(dictionary(hybrid(8,64),heuristic(use_first(halving,approximation))))": 285,
	"opt(dictionary(hybrid(8,64),heuristic(use_first(halving,delta_largest))))": 284,
	"opt(dictionary(run_length(0),continued_fractions(binary)))": 289,
	"opt(dictionary(run_length(0),continued_fractions(co_binary)))": 289,
	"opt(dictionary(run_length(0),continued_fractions(dichotomic)))": 289,
	"opt(dictionary(run_length(0),heuristic(use_first(halving,approximation))))": 289,
	"opt(dictionary(run_length(0),heuristic(use_first(halving,delta_largest))))": 289,
	"opt(dictionary(run_length(128),continued_fractions(binary)))": 289,
	"opt(dictionary(run_length(128),continued_fractions(co_binary)))": 289,
	"opt(dictionary(run_length(128),continued_fractions(dichotomic)))": 289,
	"opt(dictionary(run_length(128),heuristic(use_first(halving,approximation))))": 289,
	"opt(dictionary(run_length(128),heuristic(use_first(halving,delta_largest))))": 289,
	"opt(dictionary(run_length(16),continued_fractions(binary)))": 289,
	"opt(dictionary(run_length(16),continued_fractions(co_binary)))": 289,
	"opt(dictionary(run_length(16),continued_fractions(dichotomic)))": 289,
	"opt(dictionary(run_length(16),heuristic(use_first(halving,approximation))))": 289,
	"opt(dictionary(run_length(16),heuristic(use_first(halving,delta_largest))))": 289,
	"opt(dictionary(run_length(32),continued_fractions(binary)))": 289,
	"opt(dictionary(run_length(32),continued_fractions(co_binary)))": 289,
	"opt(dictionary(run_length(32),continued_fractions(dichotomic)))": 289,
	"opt(dictionary(run_length(32),heuristic(use_first(halving,approximation))))": 289,
	"opt(dictionary(run_length(32),heuristic(use_first(halving,delta_largest))))": 289,
	"opt(dictionary(run_length(64),continued_fractions(binary)))": 289,
	"opt(dictionary(run_length(64),continued_fractions(co_binary)))": 289,
	"opt(dictionary(run_length(64),continued_fractions(dichotomic)))": 289,
	"opt(dictionary(run_length(64),heuristic(use_first(halving,approximation))))": 289,
	"opt(dictionary(run_length(64),heuristic(use_first(halving,delta_largest))))": 289,
	"opt(dictionary(sliding_window(128),continued_fractions(binary)))": 324,
	"opt(dictionary(sliding_window(128),continued_fractions(co_binary)))": 443,
	"opt(dictionary(sliding_window(128),continued_fractions(dichotomic)))": 344,
	"opt(dictionary(sliding_window(128),heuristic(use_first(halving,approximation))))": 324,
	"opt(dictionary(sliding_window(128),heuristic(use_first(halving,delta_largest))))": 374,
	"opt(dictionary(sliding_window(16),continued_fractions(binary)))": 294,
	"opt(dictionary(sliding_window(16),continued_fractions(co_binary)))": 294,
	"opt(dictionary(sliding_window(16),continued_fractions(dichotomic)))": 294,
	"opt(dictionary(sliding_window(16),heuristic(use_first(halving,approximation))))": 294,
	"opt(dictionary(sliding_window(16),heuristic(use_first(halving,delta_largest))))": 292,
	"opt(dictionary(sliding_window(32),continued_fractions(binary)))": 307,
	"opt(dictionary(sliding_window(32),continued_fractions(co_binary)))": 307,
	"opt(dictionary(sliding_window(32),continued_fractions(dichotomic)))": 307,
	"opt(dictionary(sliding_window(32),heuristic(use_first(halving,approximation))))": 311,
	"opt(dictionary(sliding_window(32),heuristic(use_first(halving,delta_largest))))": 310,
	"opt(dictionary(sliding_window(4),continued_fractions(binary)))": 284,
	"opt(dictionary(sliding_window(4),continued_fractions(co_binary)))": 284,
	"opt(dictionary(sliding_window(4),continued_fractions(dichotomic)))": 284,
	"opt(dictionary(sliding_window(4),heuristic(use_first(halving,approximation))))": 284,
	"opt(dictionary(sliding_window(4),heuristic(use_first(halving,delta_largest))))": 284,
	"opt(dictionary(sliding_window(64),continued_fractions(binary)))": 345,
	"opt(dictionary(sliding_window(64),continued_fractions(co_binary)))": 346,
	"opt(dictionary(sliding_window(64),continued_fractions(dichotomic)))": 344,
	"opt(dictionary(sliding_window(64),heuristic(use_first(halving,approximation))))": 345,
	"opt(dictionary(sliding_window(64),heuristic(use_first(halving,delta_largest))))": 345,
	"opt(dictionary(sliding_window(8),continued_fractions(binary)))": 283,
	"opt(dictionary(sliding_window(8),continued_fractions(co_binary)))": 283,
	"opt(dictionary(sliding_window(8),continued_fractions(dichotomic)))": 283,
	"opt(dictionary(sliding_window(8),heuristic(use_first(halving,approximation))))": 285,
	"opt(dictionary(sliding_window(8),heuristic(use_first(halving,delta_largest))))": 284,
	"opt(runs(continued_fractions(binary)))": 289,
	"opt(runs(continued_fractions(co_binary)))": 289,
	"opt(runs(continued_fractions(dichotomic)))": 289,
	"opt(runs(heuristic(use_first(halving,approximation))))": 289,
	"opt(runs(heuristic(use_first(halving,delta_largest))))": 289
}