{
	"opt(dictionary(hybrid(2,0),continued_fractions(binary)))": 381,
	"opt(dictionary(hybrid(2,0),continued_fractions(co_binary)))": 381,
	"opt(dictionary(hybrid(2,0),continued_fractions(dichotomic)))": 268,
	"opt(dictionary(hybrid(2,0),heuristic(use_first(halving,approximation))))": 381,
	"opt(dictionary(hybrid(2,0),heuristic(use_first(halving,delta_largest))))": 502,
	"opt(dictionary(hybrid(2,16),continued_fractions(binary)))": 276,
	"opt(dictionary(hybrid(2,16),continued_fractions(co_binary)))": 276,
	"opt(dictionary(hybrid(2,16),continued_fractions(dichotomic)))": 276,
	"opt(dictionary(hybrid(2,16),heuristic(use_first(halving,approximation))))": 276,
	"opt(dictionary(hybrid(2,16),heuristic(use_first(halving,delta_largest))))": 276,
	"opt(dictionary(hybrid(2,32),continued_fractions(binary)))": 271,
	"opt(dictionary(hybrid(2,32),continued_fractions(co_binary)))": 271,
	"opt(dictionary(hybrid(2,32),continued_fractions(dichotomic)))": 270,
	"opt(dictionary(hybrid(2,32),heuristic(use_first(halving,approximation))))": 271,
	"opt(dictionary(hybrid(2,32),heuristic(use_first(halving,delta_largest))))": 281,
	"opt(dictionary(hybrid(2,64),continued_fractions(binary)))": 272,
	"opt(dictionary(hybrid(2,64),continued_fractions(co_binary)))": 272,
	"opt(dictionary(hybrid(2,64),continued_fractions(dichotomic)))": 268,
	"opt(dictionary(hybrid(2,64),heuristic(use_first(halving,approximation))))": 272,
	"opt(dictionary(hybrid(2,64),heuristic(use_first(halving,delta_largest))))": 310,
	"opt(dictionary(hybrid(3,0),continued_fractions(binary)))": 381,
	"opt(dictionary(hybrid(3,0),continued_fractions(co_binary)))": 381,
	"opt(dictionary(hybrid(3,0),continued_fractions(dichotomic)))": 268,
	"opt(dictionary(hybrid(3,0),heuristic(use_first(halving,approximation))))": 341,
	"opt(dictionary(hybrid(3,0),heuristic(use_first(halving,delta_largest))))": 503,
	"opt(dictionary(hybrid(3,16),continued_fractions(binary)))": 276,
	"opt(dictionary(hybrid(3,16),continued_fractions(co_binary)))": 276,
	"opt(dictionary(hybrid(3,16),continued_fractions(dichotomic)))": 276,
	"opt(dictionary(hybrid(3,16),heuristic(use_first(halving,approximation))))": 277,
	"opt(dictionary(hybrid(3,16),heuristic(use_first(halving,delta_largest))))": 277,
	"opt(dictionary(hybrid(3,32),continued_fractions(binary)))": 271,
	"opt(dictionary(hybrid(3,32),continued_fractions(co_binary)))": 271,
	"opt(dictionary(hybrid(3,32),continued_fractions(dichotomic)))": 270,
	"opt(dictionary(hybrid(3,32),heuristic(use_first(halving,approximation))))": 271,
	"opt(dictionary(hybrid(3,32),heuristic(use_first(halving,delta_largest))))": 284,
	"opt(dictionary(hybrid(3,64),continued_fractions(binary)))": 272,
	"opt(dictionary(hybrid(3,64),continued_fractions(co_binary)))": 272,
	"opt(dictionary(hybrid(3,64),continued_fractions(dichotomic)))": 268,
	"opt(dictionary(hybrid(3,64),heuristic(use_first(halving,approximation))))": 273,
	"opt(dictionary(hybrid(3,64),heuristic(use_first(halving,delta_largest))))": 311,
	"opt(dictionary(hybrid(4,0),continued_fractions(binary)))": 381,
	"opt(dictionary(hybrid(4,0),continued_fractions(co_binary)))": 381,
	"opt(dictionary(hybrid(4,0),continued_fractions(dichotomic)))": 277,
	"opt(dictionary(hybrid(4,0),heuristic(use_first(halving,approximation))))": 320,
	"opt(dictionary(hybrid(4,0),heuristic(use_first(halving,delta_largest))))": 502,
	"opt(dictionary(hybrid(4,16),continued_fractions(binary)))": 276,
	"opt(dictionary(hybrid(4,16),continued_fractions(co_binary)))": 276,
	"opt(dictionary(hybrid(4,16),continued_fractions(dichotomic)))": 276,
	"opt(dictionary(hybrid(4,16),heuristic(use_first(halving,approximation))))": 276,
	"opt(dictionary(hybrid(4,16),heuristic(use_first(halving,delta_largest))))": 276,
	"opt(dictionary(hybrid(4,32),continued_fractions(binary)))": 271,
	"opt(dictionary(hybrid(4,32),continued_fractions(co_binary)))": 271,
	"opt(dictionary(hybrid(4,32),continued_fractions(dichotomic)))": 270,
	"opt(dictionary(hybrid(4,32),heuristic(use_first(halving,approximation))))": 271,
	"opt(dictionary(hybrid(4,32),heuristic(use_first(halving,delta_largest))))": 282,
	"opt(dictionary(hybrid(4,64),continued_fractions(binary)))": 272,
	"opt(dictionary(hybrid(4,64),continued_fractions(co_binary)))": 272,
	"opt(dictionary(hybrid(4,64),continued_fractions(dichotomic)))": 268,
	"opt(dictionary(hybrid(4,64),heuristic(use_first(halving,approximation))))": 272,
	"opt(dictionary(hybrid(4,64),heuristic(use_first(halving,delta_largest))))": 310,
	"opt(dictionary(hybrid(5,0),continued_fractions(binary)))": 381,
	"opt(dictionary(hybrid(5,0),continued_fractions(co_binary)))": 381,
	"opt(dictionary(hybrid(5,0),continued_fractions(dichotomic)))": 277,
	"opt(dictionary(hybrid(5,0),heuristic(use_first(halving,approximation))))": 320,
	"opt(dictionary(hybrid(5,0),heuristic(use_first(halving,delta_largest))))": 502,
	"opt(dictionary(hybrid(5,16),continued_fractions(binary)))": 276,
	"opt(dictionary(hybrid(5,16),continued_fractions(co_binary)))": 276,
	"opt(dictionary(hybrid(5,16),continued_fractions(dichotomic)))": 276,
	"opt(dictionary(hybrid(5,16),heuristic(use_first(halving,approximation))))": 276,
	"opt(dictionary(hybrid(5,16),heuristic(use_first(halving,delta_largest))))": 276,
	"opt(dictionary(hybrid(5,32),continued_fractions(binary)))": 271,
	"opt(dictionary(hybrid(5,32),continued_fractions(co_binary)))": 271,
	"opt(dictionary(hybrid(5,32),continued_fractions(dichotomic)))": 270,
	"opt(dictionary(hybrid(5,32),heuristic(use_first(halving,approximation))))": 271,
	"opt(dictionary(hybrid(5,32),heuristic(use_first(halving,delta_largest))))": 282,
	"opt(dictionary(hybrid(5,64),continued_fractions(binary)))": 272,
	"opt(dictionary(hybrid(5,64),continued_fractions(co_binary)))": 272,
	"opt(dictionary(hybrid(5,64),continued_fractions(dichotomic)))": 268,
	"opt(dictionary(hybrid(5,64),heuristic(use_first(halving,approximation))))": 272,
	"opt(dictionary(hybrid(5,64),heuristic(use_first(halving,delta_largest))))": 310,
	"opt(dictionary(hybrid(6,0),continued_fractions(binary)))": 381,
	"opt(dictionary(hybrid(6,0),continued_fractions(co_binary)))": 381,
	"opt(dictionary(hybrid(6,0),continued_fractions(dichotomic)))": 277,
	"opt(dictionary(hybrid(6,0),heuristic(use_first(halving,approximation))))": 320,
	"opt(dictionary(hybrid(6,0),heuristic(use_first(halving,delta_largest))))": 502,
	"opt(dictionary(hybrid(6,16),continued_fractions(binary)))": 276,
	"opt(dictionary(hybrid(6,16),continued_fractions(co_binary)))": 276,
	"opt(dictionary(hybrid(6,16),continued_fractions(dichotomic)))": 276,
	"opt(dictionary(hybrid(6,16),heuristic(use_first(halving,approximation))))": 276,
	"opt(dictionary(hybrid(6,16),heuristic(use_first(halving,delta_largest))))": 276,
	"opt(dictionary(hybrid(6,32),continued_fractions(binary)))": 271,
	"opt(dictionary(hybrid(6,32),continued_fractions(co_binary)))": 271,
	"opt(dictionary(hybrid(6,32),continued_fractions(dichotomic)))": 270,
	"opt(dictionary(hybrid(6,32),heuristic(use_first(halving,approximation))))": 271,
	"opt(dictionary(hybrid(6,32),heuristic(use_first(halving,delta_largest))))": 282,
	"opt(dictionary(hybrid(6,64),continued_fractions(binary)))": 272,
	"opt(dictionary(hybrid(6,64),continued_fractions(co_binary)))": 272,
	"opt(dictionary(hybrid(6,64),continued_fractions(dichotomic)))": 268,
	"opt(dictionary(hybrid(6,64),heuristic(use_first(halving,approximation))))": 272,
	"opt(dictionary(hybrid(6,64),heuristic(use_first(halving,delta_largest))))": 310,
	"opt(dictionary(hybrid(7,0),continued_fractions(binary)))": 381,
	"opt(dictionary(hybrid(7,0),continued_fractions(co_binary)))": 381,
	"opt(dictionary(hybrid(7,0),continued_fractions(dichotomic)))": 277,
	"opt(dictionary(hybrid(7,0),heuristic(use_first(halving,approximation))))": 320,
	"opt(dictionary(hybrid(7,0),heuristic(use_first(halving,delta_largest))))": 502,
	"opt(dictionary(hybrid(7,16),continued_fractions(binary)))": 276,
	"opt(dictionary(hybrid(7,16),continued_fractions(co_binary)))": 276,
	"opt(dictionary(hybrid(7,16),continued_fractions(dichotomic)))": 276,
	"opt(dictionary(hybrid(7,16),heuristic(use_first(halving,approximation))))": 276,
	"opt(dictionary(hybrid(7,16),heuristic(use_first(halving,delta_largest))))": 276,
	"opt(dictionary(hybrid(7,32),continued_fractions(binary)))": 271,
	"opt(dictionary(hybrid(7,32),continued_fractions(co_binary)))": 271,
	"opt(dictionary(hybrid(7,32),continued_fractions(dichotomic)))": 270,
	"opt(dictionary(hybrid(7,32),heuristic(use_first(halving,approximation))))": 271,
	"opt(dictionary(hybrid(7,32),heuristic(use_first(halving,delta_largest))))": 282,
	"opt(dictionary(hybrid(7,64),continued_fractions(binary)))": 272,
	"opt(dictionary(hybrid(7,64),continued_fractions(co_binary)))": 272,
	"opt(dictionary(hybrid(7,64),continued_fractions(dichotomic)))": 268,
	"opt(dictionary(hybrid(7,64),heuristic(use_first(halving,approximation))))": 272,
	"opt(dictionary(hybrid(7,64),heuristic(use_first(halving,delta_largest))))": 310,
	"opt(dictionary(hybrid(8,0),continued_fractions(binary)))": 381,
	"opt(dictionary(hybrid(8,0),continued_fractions(co_binary)))": 381,
	"opt(dictionary(hybrid(8,0),continued_fractions(dichotomic)))": 277,
	"opt(dictionary(hybrid(8,0),heuristic(use_first(halving,approximation))))": 320,
	"opt(dictionary(hybrid(8,0),heuristic(use_first(halving,delta_largest))))": 502,
	"opt(dictionary(hybrid(8,16),continued_fractions(binary)))": 276,
	"opt(dictionary(hybrid(8,16),continued_fractions(co_binary)))": 276,
	"opt(dictionary(hybrid(8,16),continued_fractions(dichotomic)))": 276,
	"opt(dictionary(hybrid(8,16),heuristic(use_first(halving,approximation))))": 276,
	"opt(dictionary(hybrid(8,16),heuristic(use_first(halving,delta_largest))))": 276,
	"opt(dictionary(hybrid(8,32),continued_fractions(binary)))": 271,
	"opt(dictionary(hybrid(8,32),continued_fractions(co_binary)))": 271,
	"opt(dictionary(hybrid(8,32),continued_fractions(dichotomic)))": 270,
	"opt(dictionary(hybrid(8,32),heuristic(use_first(halving,approximation))))": 271,
	"opt(dictionary(hybrid(8,32),heuristic(use_first(halving,delta_largest))))": 282,
	"opt(dictionary(hybrid(8,64),continued_fractions(binary)))": 272,
	"opt(dictionary(hybrid(8,64),continued_fractions(co_binary)))": 272,
	"opt(dictionary(hybrid(8,64),continued_fractions(dichotomic)))": 268,
	"opt(dictionary(hybrid(8,64),heuristic(use_first(halving,approximation))))": 272,
	"opt(dictionary(hybrid(8,64),heuristic(use_first(halving,delta_largest))))": 310,
	"opt(dictionary(run_length(0),continued_fractions(binary)))": 381,
	"opt(dictionary(run_length(0),continued_fractions(co_binary)))": 381,
	"opt(dictionary(run_length(0),continued_fractions(dichotomic)))": 268,
	"opt(dictionary(run_length(0),heuristic(use_first(halving,approximation))))": 381,
	"opt(dictionary(run_length(0),heuristic(use_first(halving,delta_largest))))": 502,
	"opt(dictionary(run_length(128),continued_fractions(binary)))": 281,
	"opt(dictionary(run_length(128),continued_fractions(co_binary)))": 281,
	"opt(dictionary(run_length(128),continued_fractions(dichotomic)))": 267,
	"opt(dictionary(run_length(128),heuristic(use_first(halving,approximation))))": 281,
	"opt(dictionary(run_length(128),heuristic(use_first(halving,delta_largest))))": 371,
	"opt(dictionary(run_length(16),continued_fractions(binary)))": 276,
	"opt(dictionary(run_length(16),continued_fractions(co_binary)))": 276,
	"opt(dictionary(run_length(16),continued_fractions(dichotomic)))": 276,
	"opt(dictionary(run_length(16),heuristic(use_first(halving,approximation))))": 276,
	"opt(dictionary(run_length(16),heuristic(use_first(halving,delta_largest))))": 276,
	"opt(dictionary(run_length(32),continued_fractions(binary)))": 271,
	"opt(dictionary(run_length(32),continued_fractions(co_binary)))": 271,
	"opt(dictionary(run_length(32),continued_fractions(dichotomic)))": 270,
	"opt(dictionary(run_length(32),heuristic(use_first(halving,approximation))))": 271,
	"opt(dictionary(run_length(32),heuristic(use_first(halving,delta_largest))))": 281,
	"opt(dictionary(run_length(64),continued_fractions(binary)))": 272,
	"opt(dictionary(run_length(64),continued_fractions(co_binary)))": 272,
	"opt(dictionary(run_length(64),continued_fractions(dichotomic)))": 268,
	"opt(dictionary(run_length(64),heuristic(use_first(halving,approximation))))": 272,
	"opt(dictionary(run_length(64),heuristic(use_first(halving,delta_largest))))": 310,
	"opt(dictionary(sliding_window(128),continued_fractions(binary)))": 320,
	"opt(dictionary(sliding_window(128),continued_fractions(co_binary)))": 320,
	"opt(dictionary(sliding_window(128),continued_fractions(dichotomic)))": 279,
	"opt(dictionary(sliding_window(128),heuristic(use_first(halving,approximation))))": 287,
	"opt(dictionary(sliding_window(128),heuristic(use_first(halving,delta_largest))))": 380,
	"opt(dictionary(sliding_window(16),continued_fractions(binary)))": 279,
	"opt(dictionary(sliding_window(16),continued_fractions(co_binary)))": 279,
	"opt(dictionary(sliding_window(16),continued_fractions(dichotomic)))": 277,
	"opt(dictionary(sliding_window(16),heuristic(use_first(halving,approximation))))": 276,
	"opt(dictionary(sliding_window(16),heuristic(use_first(halving,delta_largest))))": 280,
	"opt(dictionary(sliding_window(32),continued_fractions(binary)))": 278,
	"opt(dictionary(sliding_window(32),continued_fractions(co_binary)))": 278,
	"opt(dictionary(sliding_window(32),continued_fractions(dichotomic)))": 276,
	"opt(dictionary(sliding_window(32),heuristic(use_first(halving,approximation))))": 273,
	"opt(dictionary(sliding_window(32),heuristic(use_first(halving,delta_largest))))": 290,
	"opt(dictionary(sliding_window(4),continued_fractions(binary)))": 320,
	"opt(dictionary(sliding_window(4),continued_fractions(co_binary)))": 320,
	"opt(dictionary(sliding_window(4),continued_fractions(dichotomic)))": 320,
	"opt(dictionary(sliding_window(4),heuristic(use_first(halving,approximation))))": 320,
	"opt(dictionary(sliding_window(4),heuristic(use_first(halving,delta_largest))))": 320,
	"opt(dictionary(sliding_window(64),continued_fractions(binary)))": 293,
	"opt(dictionary(sliding_window(64),continued_fractions(co_binary)))": 293,
	"opt(dictionary(sliding_window(64),continued_fractions(dichotomic)))": 276,
	"opt(dictionary(sliding_window(64),heuristic(use_first(halving,approximation))))": 277,
	"opt(dictionary(sliding_window(64),heuristic(use_first(halving,delta_largest))))": 318,
	"opt(dictionary(sliding_window(8),continued_fractions(binary)))": 290,
	"opt(dictionary(sliding_window(8),continued_fractions(co_binary)))": 290,
	"opt(dictionary(sliding_window(8),continued_fractions(dichotomic)))": 290,
	"opt(dictionary(sliding_window(8),heuristic(use_first(halving,approximation))))": 291,
	"opt(dictionary(sliding_window(8),heuristic(use_first(halving,delta_largest))))": 291,
	"opt(runs(continued_fractions(binary)))": 268,
	"opt(runs(continued_fractions(co_binary)))": 268,
	"opt(runs(continued_fractions(dichotomic)))": 266,
	"opt(runs(heuristic(use_first(halving,approximation))))": 268,
	"opt(runs(heuristic(use_first(halving,delta_largest))))": 270
}