{
	"opt(dictionary(hybrid(2,0),continued_fractions(binary)))": 671,
	"opt(dictionary(hybrid(2,0),continued_fractions(co_binary)))": 671,
	"opt(dictionary(hybrid(2,0),continued_fractions(dichotomic)))": 462,
	"opt(dictionary(hybrid(2,0),heuristic(use_first(halving,approximation))))": 561,
	"opt(dictionary(hybrid(2,0),heuristic(use_first(halving,delta_largest))))": 668,
	"opt(dictionary(hybrid(2,16),continued_fractions(binary)))": 490,
	"opt(dictionary(hybrid(2,16),continued_fractions(co_binary)))": 490,
	"opt(dictionary(hybrid(2,16),continued_fractions(dichotomic)))": 482,
	"opt(dictionary(hybrid(2,16),heuristic(use_first(halving,approximation))))": 484,
	"opt(dictionary(hybrid(2,16),heuristic(use_first(halving,delta_largest))))": 487,
	"opt(dictionary(hybrid(2,32),continued_fractions(binary)))": 492,
	"opt(dictionary(hybrid(2,32),continued_fractions(co_binary)))": 492,
	"opt(dictionary(hybrid(2,32),continued_fractions(dichotomic)))": 470,
	"opt(dictionary(hybrid(2,32),heuristic(use_first(halving,approximation))))": 478,
	"opt(dictionary(hybrid(2,32),heuristic(use_first(halving,delta_largest))))": 489,
	"opt(dictionary(hybrid(2,64),continued_fractions(binary)))": 473,
	"opt(dictionary(hybrid(2,64),continued_fractions(co_binary)))": 473,
	"opt(dictionary(hybrid(2,64),continued_fractions(dichotomic)))": 465,
	"opt(dictionary(hybrid(2,64),heuristic(use_first(halving,approximation))))": 473,
	"opt(dictionary(hybrid(2,64),heuristic(use_first(halving,delta_largest))))": 487,
	"opt(dictionary(hybrid(3,0),continued_fractions(binary)))": 671,
	"opt(dictionary(hybrid(3,0),continued_fractions(co_binary)))": 671,
	"opt(dictionary(hybrid(3,0),continued_fractions(dichotomic)))": 462,
	"opt(dictionary(hybrid(3,0),heuristic(use_first(halving,approximation))))": 561,
	"opt(dictionary(hybrid(3,0),heuristic(use_first(halving,delta_largest))))": 668,
	"opt(dictionary(hybrid(3,16),continued_fractions(binary)))": 490,
	"opt(dictionary(hybrid(3,16),continued_fractions(co_binary)))": 490,
	"opt(dictionary(hybrid(3,16),continued_fractions(dichotomic)))": 482,
	"opt(dictionary(hybrid(3,16),heuristic(use_first(halving,approximation))))": 484,
	"opt(dictionary(hybrid(3,16),heuristic(use_first(halving,delta_largest))))": 487,
	"opt(dictionary(hybrid(3,32),continued_fractions(binary)))": 492,
	"opt(dictionary(hybrid(3,32),continued_fractions(co_binary)))": 492,
	"opt(dictionary(hybrid(3,32),continued_fractions(dichotomic)))": 470,
	"opt(dictionary(hybrid(3,32),heuristic(use_first(halving,approximation))))": 478,
	"opt(dictionary(hybrid(3,32),heuristic(use_first(halving,delta_largest))))": 489,
	"opt(dictionary(hybrid(3,64),continued_fractions(binary)))": 473,
	"opt(dictionary(hybrid(3,64),continued_fractions(co_binary)))": 473,
	"opt(dictionary(hybrid(3,64),continued_fractions(dichotomic)))": 465,
	"opt(dictionary(hybrid(3,64),heuristic(use_first(halving,approximation))))": 473,
	"opt(dictionary(hybrid(3,64),heuristic(use_first(halving,delta_largest))))": 487,
	"opt(dictionary(hybrid(4,0),continued_fractions(binary)))": 671,
	"opt(dictionary(hybrid(4,0),continued_fractions(co_binary)))": 671,
	"opt(dictionary(hybrid(4,0),continued_fractions(dichotomic)))": 462,
	"opt(dictionary(hybrid(4,0),heuristic(use_first(halving,approximation))))": 561,
	"opt(dictionary(hybrid(4,0),heuristic(use_first(halving,delta_largest))))": 668,
	"opt(dictionary(hybrid(4,16),continued_fractions(binary)))": 490,
	"opt(dictionary(hybrid(4,16),continued_fractions(co_binary)))": 490,
	"opt(dictionary(hybrid(4,16),continued_fractions(dichotomic)))": 482,
	"opt(dictionary(hybrid(4,16),heuristic(use_first(halving,approximation))))": 484,
	"opt(dictionary(hybrid(4,16),heuristic(use_first(halving,delta_largest))))": 487,
	"opt(dictionary(hybrid(4,32),continued_fractions(binary)))": 492,
	"opt(dictionary(hybrid(4,32),continued_fractions(co_binary)))": 492,
	"opt(dictionary(hybrid(4,32),continued_fractions(dichotomic)))": 470,
	"opt(dictionary(hybrid(4,32),heuristic(use_first(halving,approximation))))": 478,
	"opt(dictionary(hybrid(4,32),heuristic(use_first(halving,delta_largest))))": 489,
	"opt(dictionary(hybrid(4,64),continued_fractions(binary)))": 473,
	"opt(dictionary(hybrid(4,64),continued_fractions(co_binary)))": 473,
	"opt(dictionary(hybrid(4,64),continued_fractions(dichotomic)))": 465,
	"opt(dictionary(hybrid(4,64),heuristic(use_first(halving,approximation))))": 473,
	"opt(dictionary(hybrid(4,64),heuristic(use_first(halving,delta_largest))))": 487,
	"opt(dictionary(hybrid(5,0),continued_fractions(binary)))": 671,
	"opt(dictionary(hybrid(5,0),continued_fractions(co_binary)))": 671,
	"opt(dictionary(hybrid(5,0),continued_fractions(dichotomic)))": 462,
	"opt(dictionary(hybrid(5,0),heuristic(use_first(halving,approximation))))": 561,
	"opt(dictionary(hybrid(5,0),heuristic(use_first(halving,delta_largest))))": 668,
	"opt(dictionary(hybrid(5,16),continued_fractions(binary)))": 490,
	"opt(dictionary(hybrid(5,16),continued_fractions(co_binary)))": 490,
	"opt(dictionary(hybrid(5,16),continued_fractions(dichotomic)))": 482,
	"opt(dictionary(hybrid(5,16),heuristic(use_first(halving,approximation))))": 484,
	"opt(dictionary(hybrid(5,16),heuristic(use_first(halving,delta_largest))))": 487,
	"opt(dictionary(hybrid(5,32),continued_fractions(binary)))": 492,
	"opt(dictionary(hybrid(5,32),continued_fractions(co_binary)))": 492,
	"opt(dictionary(hybrid(5,32),continued_fractions(dichotomic)))": 470,
	"opt(dictionary(hybrid(5,32),heuristic(use_first(halving,approximation))))": 478,
	"opt(dictionary(hybrid(5,32),heuristic(use_first(halving,delta_largest))))": 489,
	"opt(dictionary(hybrid(5,64),continued_fractions(binary)))": 473,
	"opt(dictionary(hybrid(5,64),continued_fractions(co_binary)))": 473,
	"opt(dictionary(hybrid(5,64),continued_fractions(dichotomic)))": 465,
	"opt(dictionary(hybrid(5,64),heuristic(use_first(halving,approximation))))": 473,
	"opt(dictionary(hybrid(5,64),heuristic(use_first(halving,delta_largest))))": 487,
	"opt(dictionary(hybrid(6,0),continued_fractions(binary)))": 671,
	"opt(dictionary(hybrid(6,0),continued_fractions(co_binary)))": 671,
	"opt(dictionary(hybrid(6,0),continued_fractions(dichotomic)))": 462,
	"opt(dictionary(hybrid(6,0),heuristic(use_first(halving,approximation))))": 561,
	"opt(dictionary(hybrid(6,0),heuristic(use_first(halving,delta_largest))))": 668,
	"opt(dictionary(hybrid(6,16),continued_fractions(binary)))": 490,
	"opt(dictionary(hybrid(6,16),continued_fractions(co_binary)))": 490,
	"opt(dictionary(hybrid(6,16),continued_fractions(dichotomic)))": 482,
	"opt(dictionary(hybrid(6,16),heuristic(use_first(halving,approximation))))": 484,
	"opt(dictionary(hybrid(6,16),heuristic(use_first(halving,delta_largest))))": 487,
	"opt(dictionary(hybrid(6,32),continued_fractions(binary)))": 492,
	"opt(dictionary(hybrid(6,32),continued_fractions(co_binary)))": 492,
	"opt(dictionary(hybrid(6,32),continued_fractions(dichotomic)))": 470,
	"opt(dictionary(hybrid(6,32),heuristic(use_first(halving,approximation))))": 478,
	"opt(dictionary(hybrid(6,32),heuristic(use_first(halving,delta_largest))))": 489,
	"opt(dictionary(hybrid(6,64),continued_fractions(binary)))": 473,
	"opt(dictionary(hybrid(6,64),continued_fractions(co_binary)))": 473,
	"opt(dictionary(hybrid(6,64),continued_fractions(dichotomic)))": 465,
	"opt(dictionary(hybrid(6,64),heuristic(use_first(halving,approximation))))": 473,
	"opt(dictionary(hybrid(6,64),heuristic(use_first(halving,delta_largest))))": 487,
	"opt(dictionary(hybrid(7,0),continued_fractions(binary)))": 671,
	"opt(dictionary(hybrid(7,0),continued_fractions(co_binary)))": 671,
	"opt(dictionary(hybrid(7,0),continued_fractions(dichotomic)))": 462,
	"opt(dictionary(hybrid(7,0),heuristic(use_first(halving,approximation))))": 561,
	"opt(dictionary(hybrid(7,0),heuristic(use_first(halving,delta_largest))))": 668,
	"opt(dictionary(hybrid(7,16),continued_fractions(binary)))": 490,
	"opt(dictionary(hybrid(7,16),continued_fractions(co_binary)))": 490,
	"opt(dictionary(hybrid(7,16),continued_fractions(dichotomic)))": 482,
	"opt(dictionary(hybrid(7,16),heuristic(use_first(halving,approximation))))": 484,
	"opt(dictionary(hybrid(7,16),heuristic(use_first(halving,delta_largest))))": 487,
	"opt(dictionary(hybrid(7,32),continued_fractions(binary)))": 492,
	"opt(dictionary(hybrid(7,32),continued_fractions(co_binary)))": 492,
	"opt(dictionary(hybrid(7,32),continued_fractions(dichotomic)))": 470,
	"opt(dictionary(hybrid(7,32),heuristic(use_first(halving,approximation))))": 478,
	"opt(dictionary(hybrid(7,32),heuristic(use_first(halving,delta_largest))))": 489,
	"opt(dictionary(hybrid(7,64),continued_fractions(binary)))": 473,
	"opt(dictionary(hybrid(7,64),continued_fractions(co_binary)))": 473,
	"opt(dictionary(hybrid(7,64),continued_fractions(dichotomic)))": 465,
	"opt(dictionary(hybrid(7,64),heuristic(use_first(halving,approximation))))": 473,
	"opt(dictionary(hybrid(7,64),heuristic(use_first(halving,delta_largest))))": 487,
	"opt(dictionary(hybrid(8,0),continued_fractions(binary)))": 671,
	"opt(dictionary(hybrid(8,0),continued_fractions(co_binary)))": 671,
	"opt(dictionary(hybrid(8,0),continued_fractions(dichotomic)))": 462,
	"opt(dictionary(hybrid(8,0),heuristic(use_first(halving,approximation))))": 561,
	"opt(dictionary(hybrid(8,0),heuristic(use_first(halving,delta_largest))))": 668,
	"opt(dictionary(hybrid(8,16),continued_fractions(binary)))": 490,
	"opt(dictionary(hybrid(8,16),continued_fractions(co_binary)))": 490,
	"opt(dictionary(hybrid(8,16),continued_fractions(dichotomic)))": 482,
	"opt(dictionary(hybrid(8,16),heuristic(use_first(halving,approximation))))": 484,
	"opt(dictionary(hybrid(8,16),heuristic(use_first(halving,delta_largest))))": 487,
	"opt(dictionary(hybrid(8,32),continued_fractions(binary)))": 492,
	"opt(dictionary(hybrid(8,32),continued_fractions(co_binary)))": 492,
	"opt(dictionary(hybrid(8,32),continued_fractions(dichotomic)))": 470,
	"opt(dictionary(hybrid(8,32),heuristic(use_first(halving,approximation))))": 478,
	"opt(dictionary(hybrid(8,32),heuristic(use_first(halving,delta_largest))))": 489,
	"opt(dictionary(hybrid(8,64),continued_fractions(binary)))": 473,
	"opt(dictionary(hybrid(8,64),continued_fractions(co_binary)))": 473,
	"opt(dictionary(hybrid(8,64),continued_fractions(dichotomic)))": 465,
	"opt(dictionary(hybrid(8,64),heuristic(use_first(halving,approximation))))": 473,
	"opt(dictionary(hybrid(8,64),heuristic(use_first(halving,delta_largest))))": 487,
	"opt(dictionary(run_length(0),continued_fractions(binary)))": 671,
	"opt(dictionary(run_length(0),continued_fractions(co_binary)))": 671,
	"opt(dictionary(run_length(0),continued_fractions(dichotomic)))": 462,
	"opt(dictionary(run_length(0),heuristic(use_first(halving,approximation))))": 561,
	"opt(dictionary(run_length(0),heuristic(use_first(halving,delta_largest))))": 668,
	"opt(dictionary(run_length(128),continued_fractions(binary)))": 464,
	"opt(dictionary(run_length(128),continued_fractions(co_binary)))": 464,
	"opt(dictionary(run_length(128),continued_fractions(dichotomic)))": 463,
	"opt(dictionary(run_length(128),heuristic(use_first(halving,approximation))))": 464,
	"opt(dictionary(run_length(128),heuristic(use_first(halving,delta_largest))))": 502,
	"opt(dictionary(run_length(16),continued_fractions(binary)))": 490,
	"opt(dictionary(run_length(16),continued_fractions(co_binary)))": 490,
	"opt(dictionary(run_length(16),continued_fractions(dichotomic)))": 482,
	"opt(dictionary(run_length(16),heuristic(use_first(halving,approximation))))": 484,
	"opt(dictionary(run_length(16),heuristic(use_first(halving,delta_largest))))": 487,
	"opt(dictionary(run_length(32),continued_fractions(binary)))": 492,
	"opt(dictionary(run_length(32),continued_fractions(co_binary)))": 492,
	"opt(dictionary(run_length(32),continued_fractions(dichotomic)))": 470,
	"opt(dictionary(run_length(32),heuristic(use_first(halving,approximation))))": 478,
	"opt(dictionary(run_length(32),heuristic(use_first(halving,delta_largest))))": 489,
	"opt(dictionary(run_length(64),continued_fractions(binary)))": 473,
	"opt(dictionary(run_length(64),continued_fractions(co_binary)))": 473,
	"opt(dictionary(run_length(64),continued_fractions(dichotomic)))": 465,
	"opt(dictionary(run_length(64),heuristic(use_first(halving,approximation))))": 473,
	"opt(dictionary(run_length(64),heuristic(use_first(halving,delta_largest))))": 487,
	"opt(dictionary(sliding_window(128),continued_fractions(binary)))": 515,
	"opt(dictionary(sliding_window(128),continued_fractions(co_binary)))": 515,
	"opt(dictionary(sliding_window(128),continued_fractions(dichotomic)))": 468,
	"opt(dictionary(sliding_window(128),heuristic(use_first(halving,approximation))))": 472,
	"opt(dictionary(sliding_window(128),heuristic(use_first(halving,delta_largest))))": 484,
	"opt(dictionary(sliding_window(16),continued_fractions(binary)))": 489,
	"opt(dictionary(sliding_window(16),continued_fractions(co_binary)))": 489,
	"opt(dictionary(sliding_window(16),continued_fractions(dichotomic)))": 481,
	"opt(dictionary(sliding_window(16),heuristic(use_first(halving,approximation))))": 483,
	"opt(dictionary(sliding_window(16),heuristic(use_first(halving,delta_largest))))": 486,
	"opt(dictionary(sliding_window(32),continued_fractions(binary)))": 491,
	"opt(dictionary(sliding_window(32),continued_fractions(co_binary)))": 491,
	"opt(dictionary(sliding_window(32),continued_fractions(dichotomic)))": 469,
	"opt(dictionary(sliding_window(32),heuristic(use_first(halving,approximation))))": 477,
	"opt(dictionary(sliding_window(32),heuristic(use_first(halving,delta_largest))))": 488,
	"opt(dictionary(sliding_window(4),continued_fractions(binary)))": 561,
	"opt(dictionary(sliding_window(4),continued_fractions(co_binary)))": 561,
	"opt(dictionary(sliding_window(4),continued_fractions(dichotomic)))": 561,
	"opt(dictionary(sliding_window(4),heuristic(use_first(halving,approximation))))": 561,
	"opt(dictionary(sliding_window(4),heuristic(use_first(halving,delta_largest))))": 561,
	"opt(dictionary(sliding_window(64),continued_fractions(binary)))": 487,
	"opt(dictionary(sliding_window(64),continued_fractions(co_binary)))": 487,
	"opt(dictionary(sliding_window(64),continued_fractions(dichotomic)))": 465,
	"opt(dictionary(sliding_window(64),heuristic(use_first(halving,approximation))))": 473,
	"opt(dictionary(sliding_window(64),heuristic(use_first(halving,delta_largest))))": 487,
	"opt(dictionary(sliding_window(8),continued_fractions(binary)))": 509,
	"opt(dictionary(sliding_window(8),continued_fractions(co_binary)))": 509,
	"opt(dictionary(sliding_window(8),continued_fractions(dichotomic)))": 507,
	"opt(dictionary(sliding_window(8),heuristic(use_first(halving,approximation))))": 507,
	"opt(dictionary(sliding_window(8),heuristic(use_first(halving,delta_largest))))": 507,
	"opt(runs(continued_fractions(binary)))": 462,
	"opt(runs(continued_fractions(co_binary)))": 462,
	"opt(runs(continued_fractions(dichotomic)))": 461,
	"opt(runs(heuristic(use_first(halving,approximation))))": 460,
	"opt(runs(heuristic(use_first(halving,delta_largest))))": 461
}