_10     = 2*1
_11     = 1 + _10
_110    = 2*_11
_111    = 1 + _110
_111000 = _111 << 3
_111111 = _111 + _111000
x12     = _111111 << 6 + _111111
x15     = x12 << 3 + _111
x30     = x15 << 15 + x15
x60     = x30 << 30 + x30
x62     = x60 << 2 + _11
x124    = x62 << 62 + x62
x127    = x124 << 3 + _111
return    (x127 << 63 + x62) << 2 + 1
