_10      = 2*1
_11      = 1 + _10
_110     = 2*_11
_111     = 1 + _110
_111000  = _111 << 3
_111111  = _111 + _111000
_1111110 = 2*_111111
_1111111 = 1 + _1111110
x13      = _1111111 << 6 + _111111
x26      = x13 << 13 + x13
x52      = x26 << 26 + x26
x104     = x52 << 52 + x52
x208     = x104 << 104 + x104
x215     = x208 << 7 + _1111111
return     (x215 << 4 + 1) << 3 + 1
