_10       = 2*1
_100      = 2*_10
_101      = 1 + _100
_110      = 1 + _101
_1001     = _100 + _101
_1111     = _110 + _1001
_10010    = 2*_1001
_10101    = _110 + _1111
_11000    = _110 + _10010
_11010    = _10 + _11000
_101111   = _10101 + _11010
_111000   = _1001 + _101111
_111101   = _101 + _111000
_111111   = _10 + _111101
_1001111  = _10010 + _111101
_1100001  = _10010 + _1001111
_1100011  = _10 + _1100001
_1110011  = _10010 + _1100001
_1110111  = _100 + _1110011
_1111101  = _110 + _1110111
_10010101 = _11000 + _1111101
_10100111 = _10010 + _10010101
_10101101 = _110 + _10100111
_11100101 = _111000 + _10101101
_11111111 = _11010 + _11100101
x16       = _11111111 << 8 + _11111111
x32       = x16 << 16 + x16
i133      = ((x32 << 48 + x16) << 16 + x16) << 16
i158      = ((x16 + i133) << 16 + x16) << 6 + _101111
i186      = ((i158 << 9 + _1110011) << 8 + _1111101) << 9
i206      = ((_10101101 + i186) << 8 + _10100111) << 9 + _101111
i236      = ((i206 << 8 + _111101) << 11 + _1001111) << 9
i257      = ((_1110111 + i236) << 10 + _11100101) << 8 + _1100001
i286      = ((i257 << 7 + _111111) << 10 + _1100011) << 10
return      (_10010101 + i286) << 6 + _1111
