{
	"opt(dictionary(hybrid(2,0),continued_fractions(binary)))": 275,
	"opt(dictionary(hybrid(2,0),continued_fractions(co_binary)))": 275,
	"opt(dictionary(hybrid(2,0),continued_fractions(dichotomic)))": 267,
	"opt(dictionary(hybrid(2,0),heuristic(use_first(halving,approximation))))": 275,
	"opt(dictionary(hybrid(2,0),heuristic(use_first(halving,delta_largest))))": 314,
	"opt(dictionary(hybrid(2,16),continued_fractions(binary)))": 271,
	"opt(dictionary(hybrid(2,16),continued_fractions(co_binary)))": 271,
	"opt(dictionary(hybrid(2,16),continued_fractions(dichotomic)))": 269,
	"opt(dictionary(hybrid(2,16),heuristic(use_first(halving,approximation))))": 271,
	"opt(dictionary(hybrid(2,16),heuristic(use_first(halving,delta_largest))))": 274,
	"opt(dictionary(hybrid(2,32),continued_fractions(binary)))": 275,
	"opt(dictionary(hybrid(2,32),continued_fractions(co_binary)))": 275,
	"opt(dictionary(hybrid(2,32),continued_fractions(dichotomic)))": 267,
	"opt(dictionary(hybrid(2,32),heuristic(use_first(halving,approximation))))": 275,
	"opt(dictionary(hybrid(2,32),heuristic(use_first(halving,delta_largest))))": 286,
	"opt(dictionary(hybrid(2,64),continued_fractions(binary)))": 275,
	"opt(dictionary(hybrid(2,64),continued_fractions(co_binary)))": 275,
	"opt(dictionary(hybrid(2,64),continued_fractions(dichotomic)))": 267,
	"opt(dictionary(hybrid(2,64),heuristic(use_first(halving,approximation))))": 275,
	"opt(dictionary(hybrid(2,64),heuristic(use_first(halving,delta_largest))))": 286,
	"opt(dictionary(hybrid(3,0),continued_fractions(binary)))": 275,
	"opt(dictionary(hybrid(3,0),continued_fractions(co_binary)))": 275,
	"opt(dictionary(hybrid(3,0),continued_fractions(dichotomic)))": 267,
	"opt(dictionary(hybrid(3,0),heuristic(use_first(halving,approximation))))": 275,
	"opt(dictionary(hybrid(3,0),heuristic(use_first(halving,delta_largest))))": 314,
	"opt(dictionary(hybrid(3,16),continued_fractions(binary)))": 271,
	"opt(dictionary(hybrid(3,16),continued_fractions(co_binary)))": 271,
	"opt(dictionary(hybrid(3,16),continued_fractions(dichotomic)))": 269,
	"opt(dictionary(hybrid(3,16),heuristic(use_first(halving,approximation))))": 271,
	"opt(dictionary(hybrid(3,16),heuristic(use_first(halving,delta_largest))))": 274,
	"opt(dictionary(hybrid(3,32),continued_fractions(binary)))": 275,
	"opt(dictionary(hybrid(3,32),continued_fractions(co_binary)))": 275,
	"opt(dictionary(hybrid(3,32),continued_fractions(dichotomic)))": 267,
	"opt(dictionary(hybrid(3,32),heuristic(use_first(halving,approximation))))": 275,
	"opt(dictionary(hybrid(3,32),heuristic(use_first(halving,delta_largest))))": 286,
	"opt(dictionary(hybrid(3,64),continued_fractions(binary)))": 275,
	"opt(dictionary(hybrid(3,64),continued_fractions(co_binary)))": 275,
	"opt(dictionary(hybrid(3,64),continued_fractions(dichotomic)))": 267,
	"opt(dictionary(hybrid(3,64),heuristic(use_first(halving,approximation))))": 275,
	"opt(dictionary(hybrid(3,64),heuristic(use_first(halving,delta_largest))))": 286,
	"opt(dictionary(hybrid(4,0),continued_fractions(binary)))": 275,
	"opt(dictionary(hybrid(4,0),continued_fractions(co_binary)))": 275,
	"opt(dictionary(hybrid(4,0),continued_fractions(dichotomic)))": 267,
	"opt(dictionary(hybrid(4,0),heuristic(use_first(halving,approximation))))": 275,
	"opt(dictionary(hybrid(4,0),heuristic(use_first(halving,delta_largest))))": 314,
	"opt(dictionary(hybrid(4,16),continued_fractions(binary)))": 271,
	"opt(dictionary(hybrid(4,16),continued_fractions(co_binary)))": 271,
	"opt(dictionary(hybrid(4,16),continued_fractions(dichotomic)))": 269,
	"opt(dictionary(hybrid(4,16),heuristic(use_first(halving,approximation))))": 271,
	"opt(dictionary(hybrid(4,16),heuristic(use_first(halving,delta_largest))))": 274,
	"opt(dictionary(hybrid(4,32),continued_fractions(binary)))": 275,
	"opt(dictionary(hybrid(4,32),continued_fractions(co_binary)))": 275,
	"opt(dictionary(hybrid(4,32),continued_fractions(dichotomic)))": 267,
	"opt(dictionary(hybrid(4,32),heuristic(use_first(halving,approximation))))": 275,
	"opt(dictionary(hybrid(4,32),heuristic(use_first(halving,delta_largest))))": 286,
	"opt(dictionary(hybrid(4,64),continued_fractions(binary)))": 275,
	"opt(dictionary(hybrid(4,64),continued_fractions(co_binary)))": 275,
	"opt(dictionary(hybrid(4,64),continued_fractions(dichotomic)))": 267,
	"opt(dictionary(hybrid(4,64),heuristic(use_first(halving,approximation))))": 275,
	"opt(dictionary(hybrid(4,64),heuristic(use_first(halving,delta_largest))))": 286,
	"opt(dictionary(hybrid(5,0),continued_fractions(binary)))": 275,
	"opt(dictionary(hybrid(5,0),continued_fractions(co_binary)))": 275,
	"opt(dictionary(hybrid(5,0),continued_fractions(dichotomic)))": 267,
	"opt(dictionary(hybrid(5,0),heuristic(use_first(halving,approximation))))": 275,
	"opt(dictionary(hybrid(5,0),heuristic(use_first(halving,delta_largest))))": 314,
	"opt(dictionary(hybrid(5,16),continued_fractions(binary)))": 271,
	"opt(dictionary(hybrid(5,16),continued_fractions(co_binary)))": 271,
	"opt(dictionary(hybrid(5,16),continued_fractions(dichotomic)))": 269,
	"opt(dictionary(hybrid(5,16),heuristic(use_first(halving,approximation))))": 271,
	"opt(dictionary(hybrid(5,16),heuristic(use_first(halving,delta_largest))))": 274,
	"opt(dictionary(hybrid(5,32),continued_fractions(binary)))": 275,
	"opt(dictionary(hybrid(5,32),continued_fractions(co_binary)))": 275,
	"opt(dictionary(hybrid(5,32),continued_fractions(dichotomic)))": 267,
	"opt(dictionary(hybrid(5,32),heuristic(use_first(halving,approximation))))": 275,
	"opt(dictionary(hybrid(5,32),heuristic(use_first(halving,delta_largest))))": 286,
	"opt(dictionary(hybrid(5,64),continued_fractions(binary)))": 275,
	"opt(dictionary(hybrid(5,64),continued_fractions(co_binary)))": 275,
	"opt(dictionary(hybrid(5,64),continued_fractions(dichotomic)))": 267,
	"opt(dictionary(hybrid(5,64),heuristic(use_first(halving,approximation))))": 275,
	"opt(dictionary(hybrid(5,64),heuristic(use_first(halving,delta_largest))))": 286,
	"opt(dictionary(hybrid(6,0),continued_fractions(binary)))": 275,
	"opt(dictionary(hybrid(6,0),continued_fractions(co_binary)))": 275,
	"opt(dictionary(hybrid(6,0),continued_fractions(dichotomic)))": 267,
	"opt(dictionary(hybrid(6,0),heuristic(use_first(halving,approximation))))": 275,
	"opt(dictionary(hybrid(6,0),heuristic(use_first(halving,delta_largest))))": 314,
	"opt(dictionary(hybrid(6,16),continued_fractions(binary)))": 271,
	"opt(dictionary(hybrid(6,16),continued_fractions(co_binary)))": 271,
	"opt(dictionary(hybrid(6,16),continued_fractions(dichotomic)))": 269,
	"opt(dictionary(hybrid(6,16),heuristic(use_first(halving,approximation))))": 271,
	"opt(dictionary(hybrid(6,16),heuristic(use_first(halving,delta_largest))))": 274,
	"opt(dictionary(hybrid(6,32),continued_fractions(binary)))": 275,
	"opt(dictionary(hybrid(6,32),continued_fractions(co_binary)))": 275,
	"opt(dictionary(hybrid(6,32),continued_fractions(dichotomic)))": 267,
	"opt(dictionary(hybrid(6,32),heuristic(use_first(halving,approximation))))": 275,
	"opt(dictionary(hybrid(6,32),heuristic(use_first(halving,delta_largest))))": 286,
	"opt(dictionary(hybrid(6,64),continued_fractions(binary)))": 275,
	"opt(dictionary(hybrid(6,64),continued_fractions(co_binary)))": 275,
	"opt(dictionary(hybrid(6,64),continued_fractions(dichotomic)))": 267,
	"opt(dictionary(hybrid(6,64),heuristic(use_first(halving,approximation))))": 275,
	"opt(dictionary(hybrid(6,64),heuristic(use_first(halving,delta_largest))))": 286,
	"opt(dictionary(hybrid(7,0),continued_fractions(binary)))": 275,
	"opt(dictionary(hybrid(7,0),continued_fractions(co_binary)))": 275,
	"opt(dictionary(hybrid(7,0),continued_fractions(dichotomic)))": 267,
	"opt(dictionary(hybrid(7,0),heuristic(use_first(halving,approximation))))": 275,
	"opt(dictionary(hybrid(7,0),heuristic(use_first(halving,delta_largest))))": 314,
	"opt(dictionary(hybrid(7,16),continued_fractions(binary)))": 271,
	"opt(dictionary(hybrid(7,16),continued_fractions(co_binary)))": 271,
	"opt(dictionary(hybrid(7,16),continued_fractions(dichotomic)))": 269,
	"opt(dictionary(hybrid(7,16),heuristic(use_first(halving,approximation))))": 271,
	"opt(dictionary(hybrid(7,16),heuristic(use_first(halving,delta_largest))))": 274,
	"opt(dictionary(hybrid(7,32),continued_fractions(binary)))": 275,
	"opt(dictionary(hybrid(7,32),continued_fractions(co_binary)))": 275,
	"opt(dictionary(hybrid(7,32),continued_fractions(dichotomic)))": 267,
	"opt(dictionary(hybrid(7,32),heuristic(use_first(halving,approximation))))": 275,
	"opt(dictionary(hybrid(7,32),heuristic(use_first(halving,delta_largest))))": 286,
	"opt(dictionary(hybrid(7,64),continued_fractions(binary)))": 275,
	"opt(dictionary(hybrid(7,64),continued_fractions(co_binary)))": 275,
	"opt(dictionary(hybrid(7,64),continued_fractions(dichotomic)))": 267,
	"opt(dictionary(hybrid(7,64),heuristic(use_first(halving,approximation))))": 275,
	"opt(dictionary(hybrid(7,64),heuristic(use_first(halving,delta_largest))))": 286,
	"opt(dictionary(hybrid(8,0),continued_fractions(binary)))": 275,
	"opt(dictionary(hybrid(8,0),continued_fractions(co_binary)))": 275,
	"opt(dictionary(hybrid(8,0),continued_fractions(dichotomic)))": 267,
	"opt(dictionary(hybrid(8,0),heuristic(use_first(halving,approximation))))": 275,
	"opt(dictionary(hybrid(8,0),heuristic(use_first(halving,delta_largest))))": 314,
	"opt(dictionary(hybrid(8,16),continued_fractions(binary)))": 271,
	"opt(dictionary(hybrid(8,16),continued_fractions(co_binary)))": 271,
	"opt(dictionary(hybrid(8,16),continued_fractions(dichotomic)))": 269,
	"opt(dictionary(hybrid(8,16),heuristic(use_first(halving,approximation))))": 271,
	"opt(dictionary(hybrid(8,16),heuristic(use_first(halving,delta_largest))))": 274,
	"opt(dictionary(hybrid(8,32),continued_fractions(binary)))": 275,
	"opt(dictionary(hybrid(8,32),continued_fractions(co_binary)))": 275,
	"opt(dictionary(hybrid(8,32),continued_fractions(dichotomic)))": 267,
	"opt(dictionary(hybrid(8,32),heuristic(use_first(halving,approximation))))": 275,
	"opt(dictionary(hybrid(8,32),heuristic(use_first(halving,delta_largest))))": 286,
	"opt(dictionary(hybrid(8,64),continued_fractions(binary)))": 275,
	"opt(dictionary(hybrid(8,64),continued_fractions(co_binary)))": 275,
	"opt(dictionary(hybrid(8,64),continued_fractions(dichotomic)))": 267,
	"opt(dictionary(hybrid(8,64),heuristic(use_first(halving,approximation))))": 275,
	"opt(dictionary(hybrid(8,64),heuristic(use_first(halving,delta_largest))))": 286,
	"opt(dictionary(run_length(0),continued_fractions(binary)))": 275,
	"opt(dictionary(run_length(0),continued_fractions(co_binary)))": 275,
	"opt(dictionary(run_length(0),continued_fractions(dichotomic)))": 267,
	"opt(dictionary(run_length(0),heuristic(use_first(halving,approximation))))": 275,
	"opt(dictionary(run_length(0),heuristic(use_first(halving,delta_largest))))": 314,
	"opt(dictionary(run_length(128),continued_fractions(binary)))": 275,
	"opt(dictionary(run_length(128),continued_fractions(co_binary)))": 275,
	"opt(dictionary(run_length(128),continued_fractions(dichotomic)))": 267,
	"opt(dictionary(run_length(128),heuristic(use_first(halving,approximation))))": 275,
	"opt(dictionary(run_length(128),heuristic(use_first(halving,delta_largest))))": 314,
	"opt(dictionary(run_length(16),continued_fractions(binary)))": 271,
	"opt(dictionary(run_length(16),continued_fractions(co_binary)))": 271,
	"opt(dictionary(run_length(16),continued_fractions(dichotomic)))": 269,
	"opt(dictionary(run_length(16),heuristic(use_first(halving,approximation))))": 271,
	"opt(dictionary(run_length(16),heuristic(use_first(halving,delta_largest))))": 274,
	"opt(dictionary(run_length(32),continued_fractions(binary)))": 275,
	"opt(dictionary(run_length(32),continued_fractions(co_binary)))": 275,
	"opt(dictionary(run_length(32),continued_fractions(dichotomic)))": 267,
	"opt(dictionary(run_length(32),heuristic(use_first(halving,approximation))))": 275,
	"opt(dictionary(run_length(32),heuristic(use_first(halving,delta_largest))))": 286,
	"opt(dictionary(run_length(64),continued_fractions(binary)))": 275,
	"opt(dictionary(run_length(64),continued_fractions(co_binary)))": 275,
	"opt(dictionary(run_length(64),continued_fractions(dichotomic)))": 267,
	"opt(dictionary(run_length(64),heuristic(use_first(halving,approximation))))": 275,
	"opt(dictionary(run_length(64),heuristic(use_first(halving,delta_largest))))": 286,
	"opt(dictionary(sliding_window(128),continued_fractions(binary)))": 304,
	"opt(dictionary(sliding_window(128),continued_fractions(co_binary)))": 304,
	"opt(dictionary(sliding_window(128),continued_fractions(dichotomic)))": 272,
	"opt(dictionary(sliding_window(128),heuristic(use_first(halving,approximation))))": 276,
	"opt(dictionary(sliding_window(128),heuristic(use_first(halving,delta_largest))))": 287,
	"opt(dictionary(sliding_window(16),continued_fractions(binary)))": 271,
	"opt(dictionary(sliding_window(16),continued_fractions(co_binary)))": 271,
	"opt(dictionary(sliding_window(16),continued_fractions(dichotomic)))": 269,
	"opt(dictionary(sliding_window(16),heuristic(use_first(halving,approximation))))": 271,
	"opt(dictionary(sliding_window(16),heuristic(use_first(halving,delta_largest))))": 274,
	"opt(dictionary(sliding_window(32),continued_fractions(binary)))": 275,
	"opt(dictionary(sliding_window(32),continued_fractions(co_binary)))": 275,
	"opt(dictionary(sliding_window(32),continued_fractions(dichotomic)))": 267,
	"opt(dictionary(sliding_window(32),heuristic(use_first(halving,approximation))))": 275,
	"opt(dictionary(sliding_window(32),heuristic(use_first(halving,delta_largest))))": 286,
	"opt(dictionary(sliding_window(4),continued_fractions(binary)))": 289,
	"opt(dictionary(sliding_window(4),continued_fractions(co_binary)))": 289,
	"opt(dictionary(sliding_window(4),continued_fractions(dichotomic)))": 289,
	"opt(dictionary(sliding_window(4),heuristic(use_first(halving,approximation))))": 289,
	"opt(dictionary(sliding_window(4),heuristic(use_first(halving,delta_largest))))": 289,
	"opt(dictionary(sliding_window(64),continued_fractions(binary)))": 276,
	"opt(dictionary(sliding_window(64),continued_fractions(co_binary)))": 276,
	"opt(dictionary(sliding_window(64),continued_fractions(dichotomic)))": 268,
	"opt(dictionary(sliding_window(64),heuristic(use_first(halving,approximation))))": 276,
	"opt(dictionary(sliding_window(64),heuristic(use_first(halving,delta_largest))))": 287,
	"opt(dictionary(sliding_window(8),continued_fractions(binary)))": 275,
	"opt(dictionary(sliding_window(8),continued_fractions(co_binary)))": 275,
	"opt(dictionary(sliding_window(8),continued_fractions(dichotomic)))": 275,
	"opt(dictionary(sliding_window(8),heuristic(use_first(halving,approximation))))": 275,
	"opt(dictionary(sliding_window(8),heuristic(use_first(halving,delta_largest))))": 275,
	"opt(runs(continued_fractions(binary)))": 267,
	"opt(runs(continued_fractions(co_binary)))": 267,
	"opt(runs(continued_fractions(dichotomic)))": 266,
	"opt(runs(heuristic(use_first(halving,approximation))))": 266,
	"opt(runs(heuristic(use_first(halving,delta_largest))))": 266
}