{
	"opt(dictionary(hybrid(2,0),continued_fractions(binary)))": 758,
	"opt(dictionary(hybrid(2,0),continued_fractions(co_binary)))": 758,
	"opt(dictionary(hybrid(2,0),continued_fractions(dichotomic)))": 398,
	"opt(dictionary(hybrid(2,0),heuristic(use_first(halving,approximation))))": 572,
	"opt(dictionary(hybrid(2,0),heuristic(use_first(halving,delta_largest))))": 756,
	"opt(dictionary(hybrid(2,16),continued_fractions(binary)))": 413,
	"opt(dictionary(hybrid(2,16),continued_fractions(co_binary)))": 413,
	"opt(dictionary(hybrid(2,16),continued_fractions(dichotomic)))": 413,
	"opt(dictionary(hybrid(2,16),heuristic(use_first(halving,approximation))))": 413,
	"opt(dictionary(hybrid(2,16),heuristic(use_first(halving,delta_largest))))": 415,
	"opt(dictionary(hybrid(2,32),continued_fractions(binary)))": 403,
	"opt(dictionary(hybrid(2,32),continued_fractions(co_binary)))": 403,
	"opt(dictionary(hybrid(2,32),continued_fractions(dichotomic)))": 402,
	"opt(dictionary(hybrid(2,32),heuristic(use_first(halving,approximation))))": 402,
	"opt(dictionary(hybrid(2,32),heuristic(use_first(halving,delta_largest))))": 407,
	"opt(dictionary(hybrid(2,64),continued_fractions(binary)))": 404,
	"opt(dictionary(hybrid(2,64),continued_fractions(co_binary)))": 404,
	"opt(dictionary(hybrid(2,64),continued_fractions(dichotomic)))": 398,
	"opt(dictionary(hybrid(2,64),heuristic(use_first(halving,approximation))))": 401,
	"opt(dictionary(hybrid(2,64),heuristic(use_first(halving,delta_largest))))": 432,
	"opt(dictionary(hybrid(3,0),continued_fractions(binary)))": 571,
	"opt(dictionary(hybrid(3,0),continued_fractions(co_binary)))": 571,
	"opt(dictionary(hybrid(3,0),continued_fractions(dichotomic)))": 397,
	"opt(dictionary(hybrid(3,0),heuristic(use_first(halving,approximation))))": 509,
	"opt(dictionary(hybrid(3,0),heuristic(use_first(halving,delta_largest))))": 753,
	"opt(dictionary(hybrid(3,16),continued_fractions(binary)))": 412,
	"opt(dictionary(hybrid(3,16),continued_fractions(co_binary)))": 412,
	"opt(dictionary(hybrid(3,16),continued_fractions(dichotomic)))": 412,
	"opt(dictionary(hybrid(3,16),heuristic(use_first(halving,approximation))))": 412,
	"opt(dictionary(hybrid(3,16),heuristic(use_first(halving,delta_largest))))": 414,
	"opt(dictionary(hybrid(3,32),continued_fractions(binary)))": 401,
	"opt(dictionary(hybrid(3,32),continued_fractions(co_binary)))": 401,
	"opt(dictionary(hybrid(3,32),continued_fractions(dichotomic)))": 401,
	"opt(dictionary(hybrid(3,32),heuristic(use_first(halving,approximation))))": 402,
	"opt(dictionary(hybrid(3,32),heuristic(use_first(halving,delta_largest))))": 406,
	"opt(dictionary(hybrid(3,64),continued_fractions(binary)))": 400,
	"opt(dictionary(hybrid(3,64),continued_fractions(co_binary)))": 400,
	"opt(dictionary(hybrid(3,64),continued_fractions(dichotomic)))": 397,
	"opt(dictionary(hybrid(3,64),heuristic(use_first(halving,approximation))))": 399,
	"opt(dictionary(hybrid(3,64),heuristic(use_first(halving,delta_largest))))": 433,
	"opt(dictionary(hybrid(4,0),continued_fractions(binary)))": 571,
	"opt(dictionary(hybrid(4,0),continued_fractions(co_binary)))": 571,
	"opt(dictionary(hybrid(4,0),continued_fractions(dichotomic)))": 397,
	"opt(dictionary(hybrid(4,0),heuristic(use_first(halving,approximation))))": 509,
	"opt(dictionary(hybrid(4,0),heuristic(use_first(halving,delta_largest))))": 753,
	"opt(dictionary(hybrid(4,16),continued_fractions(binary)))": 412,
	"opt(dictionary(hybrid(4,16),continued_fractions(co_binary)))": 412,
	"opt(dictionary(hybrid(4,16),continued_fractions(dichotomic)))": 412,
	"opt(dictionary(hybrid(4,16),heuristic(use_first(halving,approximation))))": 412,
	"opt(dictionary(hybrid(4,16),heuristic(use_first(halving,delta_largest))))": 414,
	"opt(dictionary(hybrid(4,32),continued_fractions(binary)))": 401,
	"opt(dictionary(hybrid(4,32),continued_fractions(co_binary)))": 401,
	"opt(dictionary(hybrid(4,32),continued_fractions(dichotomic)))": 401,
	"opt(dictionary(hybrid(4,32),heuristic(use_first(halving,approximation))))": 402,
	"opt(dictionary(hybrid(4,32),heuristic(use_first(halving,delta_largest))))": 406,
	"opt(dictionary(hybrid(4,64),continued_fractions(binary)))": 400,
	"opt(dictionary(hybrid(4,64),continued_fractions(co_binary)))": 400,
	"opt(dictionary(hybrid(4,64),continued_fractions(dichotomic)))": 397,
	"opt(dictionary(hybrid(4,64),heuristic(use_first(halving,approximation))))": 399,
	"opt(dictionary(hybrid(4,64),heuristic(use_first(halving,delta_largest))))": 433,
	"opt(dictionary(hybrid(5,0),continued_fractions(binary)))": 508,
	"opt(dictionary(hybrid(5,0),continued_fractions(co_binary)))": 508,
	"opt(dictionary(hybrid(5,0),continued_fractions(dichotomic)))": 395,
	"opt(dictionary(hybrid(5,0),heuristic(use_first(halving,approximation))))": 459,
	"opt(dictionary(hybrid(5,0),heuristic(use_first(halving,delta_largest))))": 749,
	"opt(dictionary(hybrid(5,16),continued_fractions(binary)))": 411,
	"opt(dictionary(hybrid(5,16),continued_fractions(co_binary)))": 411,
	"opt(dictionary(hybrid(5,16),continued_fractions(dichotomic)))": 411,
	"opt(dictionary(hybrid(5,16),heuristic(use_first(halving,approximation))))": 411,
	"opt(dictionary(hybrid(5,16),heuristic(use_first(halving,delta_largest))))": 412,
	"opt(dictionary(hybrid(5,32),continued_fractions(binary)))": 401,
	"opt(dictionary(hybrid(5,32),continued_fractions(co_binary)))": 401,
	"opt(dictionary(hybrid(5,32),continued_fractions(dichotomic)))": 401,
	"opt(dictionary(hybrid(5,32),heuristic(use_first(halving,approximation))))": 402,
	"opt(dictionary(hybrid(5,32),heuristic(use_first(halving,delta_largest))))": 405,
	"opt(dictionary(hybrid(5,64),continued_fractions(binary)))": 398,
	"opt(dictionary(hybrid(5,64),continued_fractions(co_binary)))": 398,
	"opt(dictionary(hybrid(5,64),continued_fractions(dichotomic)))": 396,
	"opt(dictionary(hybrid(5,64),heuristic(use_first(halving,approximation))))": 400,
	"opt(dictionary(hybrid(5,64),heuristic(use_first(halving,delta_largest))))": 431,
	"opt(dictionary(hybrid(6,0),continued_fractions(binary)))": 508,
	"opt(dictionary(hybrid(6,0),continued_fractions(co_binary)))": 508,
	"opt(dictionary(hybrid(6,0),continued_fractions(dichotomic)))": 395,
	"opt(dictionary(hybrid(6,0),heuristic(use_first(halving,approximation))))": 459,
	"opt(dictionary(hybrid(6,0),heuristic(use_first(halving,delta_largest))))": 749,
	"opt(dictionary(hybrid(6,16),continued_fractions(binary)))": 411,
	"opt(dictionary(hybrid(6,16),continued_fractions(co_binary)))": 411,
	"opt(dictionary(hybrid(6,16),continued_fractions(dichotomic)))": 411,
	"opt(dictionary(hybrid(6,16),heuristic(use_first(halving,approximation))))": 411,
	"opt(dictionary(hybrid(6,16),heuristic(use_first(halving,delta_largest))))": 412,
	"opt(dictionary(hybrid(6,32),continued_fractions(binary)))": 401,
	"opt(dictionary(hybrid(6,32),continued_fractions(co_binary)))": 401,
	"opt(dictionary(hybrid(6,32),continued_fractions(dichotomic)))": 401,
	"opt(dictionary(hybrid(6,32),heuristic(use_first(halving,approximation))))": 402,
	"opt(dictionary(hybrid(6,32),heuristic(use_first(halving,delta_largest))))": 405,
	"opt(dictionary(hybrid(6,64),continued_fractions(binary)))": 398,
	"opt(dictionary(hybrid(6,64),continued_fractions(co_binary)))": 398,
	"opt(dictionary(hybrid(6,64),continued_fractions(dichotomic)))": 396,
	"opt(dictionary(hybrid(6,64),heuristic(use_first(halving,approximation))))": 400,
	"opt(dictionary(hybrid(6,64),heuristic(use_first(halving,delta_largest))))": 431,
	"opt(dictionary(hybrid(7,0),continued_fractions(binary)))": 508,
	"opt(dictionary(hybrid(7,0),continued_fractions(co_binary)))": 508,
	"opt(dictionary(hybrid(7,0),continued_fractions(dichotomic)))": 395,
	"opt(dictionary(hybrid(7,0),heuristic(use_first(halving,approximation))))": 459,
	"opt(dictionary(hybrid(7,0),heuristic(use_first(halving,delta_largest))))": 749,
	"opt(dictionary(hybrid(7,16),continued_fractions(binary)))": 411,
	"opt(dictionary(hybrid(7,16),continued_fractions(co_binary)))": 411,
	"opt(dictionary(hybrid(7,16),continued_fractions(dichotomic)))": 411,
	"opt(dictionary(hybrid(7,16),heuristic(use_first(halving,approximation))))": 411,
	"opt(dictionary(hybrid(7,16),heuristic(use_first(halving,delta_largest))))": 412,
	"opt(dictionary(hybrid(7,32),continued_fractions(binary)))": 401,
	"opt(dictionary(hybrid(7,32),continued_fractions(co_binary)))": 401,
	"opt(dictionary(hybrid(7,32),continued_fractions(dichotomic)))": 401,
	"opt(dictionary(hybrid(7,32),heuristic(use_first(halving,approximation))))": 402,
	"opt(dictionary(hybrid(7,32),heuristic(use_first(halving,delta_largest))))": 405,
	"opt(dictionary(hybrid(7,64),continued_fractions(binary)))": 398,
	"opt(dictionary(hybrid(7,64),continued_fractions(co_binary)))": 398,
	"opt(dictionary(hybrid(7,64),continued_fractions(dichotomic)))": 396,
	"opt(dictionary(hybrid(7,64),heuristic(use_first(halving,approximation))))": 400,
	"opt(dictionary(hybrid(7,64),heuristic(use_first(halving,delta_largest))))": 431,
	"opt(dictionary(hybrid(8,0),continued_fractions(binary)))": 508,
	"opt(dictionary(hybrid(8,0),continued_fractions(co_binary)))": 508,
	"opt(dictionary(hybrid(8,0),continued_fractions(dichotomic)))": 395,
	"opt(dictionary(hybrid(8,0),heuristic(use_first(halving,approximation))))": 459,
	"opt(dictionary(hybrid(8,0),heuristic(use_first(halving,delta_largest))))": 749,
	"opt(dictionary(hybrid(8,16),continued_fractions(binary)))": 411,
	"opt(dictionary(hybrid(8,16),continued_fractions(co_binary)))": 411,
	"opt(dictionary(hybrid(8,16),continued_fractions(dichotomic)))": 411,
	"opt(dictionary(hybrid(8,16),heuristic(use_first(halving,approximation))))": 411,
	"opt(dictionary(hybrid(8,16),heuristic(use_first(halving,delta_largest))))": 412,
	"opt(dictionary(hybrid(8,32),continued_fractions(binary)))": 401,
	"opt(dictionary(hybrid(8,32),continued_fractions(co_binary)))": 401,
	"opt(dictionary(hybrid(8,32),continued_fractions(dichotomic)))": 401,
	"opt(dictionary(hybrid(8,32),heuristic(use_first(halving,approximation))))": 402,
	"opt(dictionary(hybrid(8,32),heuristic(use_first(halving,delta_largest))))": 405,
	"opt(dictionary(hybrid(8,64),continued_fractions(binary)))": 398,
	"opt(dictionary(hybrid(8,64),continued_fractions(co_binary)))": 398,
	"opt(dictionary(hybrid(8,64),continued_fractions(dichotomic)))": 396,
	"opt(dictionary(hybrid(8,64),heuristic(use_first(halving,approximation))))": 400,
	"opt(dictionary(hybrid(8,64),heuristic(use_first(halving,delta_largest))))": 431,
	"opt(dictionary(run_length(0),continued_fractions(binary)))": 758,
	"opt(dictionary(run_length(0),continued_fractions(co_binary)))": 758,
	"opt(dictionary(run_length(0),continued_fractions(dichotomic)))": 398,
	"opt(dictionary(run_length(0),heuristic(use_first(halving,approximation))))": 572,
	"opt(dictionary(run_length(0),heuristic(use_first(halving,delta_largest))))": 756,
	"opt(dictionary(run_length(128),continued_fractions(binary)))": 405,
	"opt(dictionary(run_length(128),continued_fractions(co_binary)))": 405,
	"opt(dictionary(run_length(128),continued_fractions(dichotomic)))": 397,
	"opt(dictionary(run_length(128),heuristic(use_first(halving,approximation))))": 405,
	"opt(dictionary(run_length(128),heuristic(use_first(halving,delta_largest))))": 494,
	"opt(dictionary(run_length(16),continued_fractions(binary)))": 413,
	"opt(dictionary(run_length(16),continued_fractions(co_binary)))": 413,
	"opt(dictionary(run_length(16),continued_fractions(dichotomic)))": 413,
	"opt(dictionary(run_length(16),heuristic(use_first(halving,approximation))))": 413,
	"opt(dictionary(run_length(16),heuristic(use_first(halving,delta_largest))))": 415,
	"opt(dictionary(run_length(32),continued_fractions(binary)))": 403,
	"opt(dictionary(run_length(32),continued_fractions(co_binary)))": 403,
	"opt(dictionary(run_length(32),continued_fractions(dichotomic)))": 402,
	"opt(dictionary(run_length(32),heuristic(use_first(halving,approximation))))": 402,
	"opt(dictionary(run_length(32),heuristic(use_first(halving,delta_largest))))": 407,
	"opt(dictionary(run_length(64),continued_fractions(binary)))": 404,
	"opt(dictionary(run_length(64),continued_fractions(co_binary)))": 404,
	"opt(dictionary(run_length(64),continued_fractions(dichotomic)))": 398,
	"opt(dictionary(run_length(64),heuristic(use_first(halving,approximation))))": 401,
	"opt(dictionary(run_length(64),heuristic(use_first(halving,delta_largest))))": 432,
	"opt(dictionary(sliding_window(128),continued_fractions(binary)))": 459,
	"opt(dictionary(sliding_window(128),continued_fractions(co_binary)))": 459,
	"opt(dictionary(sliding_window(128),continued_fractions(dichotomic)))": 409,
	"opt(dictionary(sliding_window(128),heuristic(use_first(halving,approximation))))": 407,
	"opt(dictionary(sliding_window(128),heuristic(use_first(halving,delta_largest))))": 503,
	"opt(dictionary(sliding_window(16),continued_fractions(binary)))": 412,
	"opt(dictionary(sliding_window(16),continued_fractions(co_binary)))": 412,
	"opt(dictionary(sliding_window(16),continued_fractions(dichotomic)))": 412,
	"opt(dictionary(sliding_window(16),heuristic(use_first(halving,approximation))))": 412,
	"opt(dictionary(sliding_window(16),heuristic(use_first(halving,delta_largest))))": 412,
	"opt(dictionary(sliding_window(32),continued_fractions(binary)))": 410,
	"opt(dictionary(sliding_window(32),continued_fractions(co_binary)))": 410,
	"opt(dictionary(sliding_window(32),continued_fractions(dichotomic)))": 406,
	"opt(dictionary(sliding_window(32),heuristic(use_first(halving,approximation))))": 405,
	"opt(dictionary(sliding_window(32),heuristic(use_first(halving,delta_largest))))": 418,
	"opt(dictionary(sliding_window(4),continued_fractions(binary)))": 479,
	"opt(dictionary(sliding_window(4),continued_fractions(co_binary)))": 479,
	"opt(dictionary(sliding_window(4),continued_fractions(dichotomic)))": 479,
	"opt(dictionary(sliding_window(4),heuristic(use_first(halving,approximation))))": 479,
	"opt(dictionary(sliding_window(4),heuristic(use_first(halving,delta_largest))))": 479,
	"opt(dictionary(sliding_window(64),continued_fractions(binary)))": 426,
	"opt(dictionary(sliding_window(64),continued_fractions(co_binary)))": 426,
	"opt(dictionary(sliding_window(64),continued_fractions(dichotomic)))": 408,
	"opt(dictionary(sliding_window(64),heuristic(use_first(halving,approximation))))": 406,
	"opt(dictionary(sliding_window(64),heuristic(use_first(halving,delta_largest))))": 443,
	"opt(dictionary(sliding_window(8),continued_fractions(binary)))": 433,
	"opt(dictionary(sliding_window(8),continued_fractions(co_binary)))": 433,
	"opt(dictionary(sliding_window(8),continued_fractions(dichotomic)))": 433,
	"opt(dictionary(sliding_window(8),heuristic(use_first(halving,approximation))))": 433,
	"opt(dictionary(sliding_window(8),heuristic(use_first(halving,delta_largest))))": 433,
	"opt(runs(continued_fractions(binary)))": 398,
	"opt(runs(continued_fractions(co_binary)))": 398,
	"opt(runs(continued_fractions(dichotomic)))": 396,
	"opt(runs(heuristic(use_first(halving,approximation))))": 398,
	"opt(runs(heuristic(use_first(halving,delta_largest))))": 399
}