_10     = 2*1
_11     = 1 + _10
_1100   = _11 << 2
_1111   = _11 + _1100
_111100 = _1111 << 2
_111111 = _11 + _111100
x12     = _111111 << 6 + _111111
x24     = x12 << 12 + x12
x48     = x24 << 24 + x24
x96     = x48 << 48 + x48
x192    = x96 << 96 + x96
x384    = x192 << 192 + x192
x408    = x384 << 24 + x24
x409    = 2*x408 + 1
return    (x409 << 3 + _11) << 2 + 1
