{
	"opt(dictionary(hybrid(2,0),continued_fractions(binary)))": 764,
	"opt(dictionary(hybrid(2,0),continued_fractions(co_binary)))": 764,
	"opt(dictionary(hybrid(2,0),continued_fractions(dichotomic)))": 527,
	"opt(dictionary(hybrid(2,0),heuristic(use_first(halving,approximation))))": 764,
	"opt(dictionary(hybrid(2,0),heuristic(use_first(halving,delta_largest))))": 1012,
	"opt(dictionary(hybrid(2,16),continued_fractions(binary)))": 549,
	"opt(dictionary(hybrid(2,16),continued_fractions(co_binary)))": 549,
	"opt(dictionary(hybrid(2,16),continued_fractions(dichotomic)))": 549,
	"opt(dictionary(hybrid(2,16),heuristic(use_first(halving,approximation))))": 549,
	"opt(dictionary(hybrid(2,16),heuristic(use_first(halving,delta_largest))))": 551,
	"opt(dictionary(hybrid(2,32),continued_fractions(binary)))": 534,
	"opt(dictionary(hybrid(2,32),continued_fractions(co_binary)))": 534,
	"opt(dictionary(hybrid(2,32),continued_fractions(dichotomic)))": 534,
	"opt(dictionary(hybrid(2,32),heuristic(use_first(halving,approximation))))": 534,
	"opt(dictionary(hybrid(2,32),heuristic(use_first(halving,delta_largest))))": 539,
	"opt(dictionary(hybrid(2,64),continued_fractions(binary)))": 531,
	"opt(dictionary(hybrid(2,64),continued_fractions(co_binary)))": 531,
	"opt(dictionary(hybrid(2,64),continued_fractions(dichotomic)))": 528,
	"opt(dictionary(hybrid(2,64),heuristic(use_first(halving,approximation))))": 531,
	"opt(dictionary(hybrid(2,64),heuristic(use_first(halving,delta_largest))))": 562,
	"opt(dictionary(hybrid(3,0),continued_fractions(binary)))": 764,
	"opt(dictionary(hybrid(3,0),continued_fractions(co_binary)))": 764,
	"opt(dictionary(hybrid(3,0),continued_fractions(dichotomic)))": 527,
	"opt(dictionary(hybrid(3,0),heuristic(use_first(halving,approximation))))": 764,
	"opt(dictionary(hybrid(3,0),heuristic(use_first(halving,delta_largest))))": 1012,
	"opt(dictionary(hybrid(3,16),continued_fractions(binary)))": 549,
	"opt(dictionary(hybrid(3,16),continued_fractions(co_binary)))": 549,
	"opt(dictionary(hybrid(3,16),continued_fractions(dichotomic)))": 549,
	"opt(dictionary(hybrid(3,16),heuristic(use_first(halving,approximation))))": 549,
	"opt(dictionary(hybrid(3,16),heuristic(use_first(halving,delta_largest))))": 551,
	"opt(dictionary(hybrid(3,32),continued_fractions(binary)))": 534,
	"opt(dictionary(hybrid(3,32),continued_fractions(co_binary)))": 534,
	"opt(dictionary(hybrid(3,32),continued_fractions(dichotomic)))": 534,
	"opt(dictionary(hybrid(3,32),heuristic(use_first(halving,approximation))))": 534,
	"opt(dictionary(hybrid(3,32),heuristic(use_first(halving,delta_largest))))": 539,
	"opt(dictionary(hybrid(3,64),continued_fractions(binary)))": 531,
	"opt(dictionary(hybrid(3,64),continued_fractions(co_binary)))": 531,
	"opt(dictionary(hybrid(3,64),continued_fractions(dichotomic)))": 528,
	"opt(dictionary(hybrid(3,64),heuristic(use_first(halving,approximation))))": 531,
	"opt(dictionary(hybrid(3,64),heuristic(use_first(halving,delta_largest))))": 562,
	"opt(dictionary(hybrid(4,0),continued_fractions(binary)))": 764,
	"opt(dictionary(hybrid(4,0),continued_fractions(co_binary)))": 764,
	"opt(dictionary(hybrid(4,0),continued_fractions(dichotomic)))": 527,
	"opt(dictionary(hybrid(4,0),heuristic(use_first(halving,approximation))))": 764,
	"opt(dictionary(hybrid(4,0),heuristic(use_first(halving,delta_largest))))": 1012,
	"opt(dictionary(hybrid(4,16),continued_fractions(binary)))": 549,
	"opt(dictionary(hybrid(4,16),continued_fractions(co_binary)))": 549,
	"opt(dictionary(hybrid(4,16),continued_fractions(dichotomic)))": 549,
	"opt(dictionary(hybrid(4,16),heuristic(use_first(halving,approximation))))": 549,
	"opt(dictionary(hybrid(4,16),heuristic(use_first(halving,delta_largest))))": 551,
	"opt(dictionary(hybrid(4,32),continued_fractions(binary)))": 534,
	"opt(dictionary(hybrid(4,32),continued_fractions(co_binary)))": 534,
	"opt(dictionary(hybrid(4,32),continued_fractions(dichotomic)))": 534,
	"opt(dictionary(hybrid(4,32),heuristic(use_first(halving,approximation))))": 534,
	"opt(dictionary(hybrid(4,32),heuristic(use_first(halving,delta_largest))))": 539,
	"opt(dictionary(hybrid(4,64),continued_fractions(binary)))": 531,
	"opt(dictionary(hybrid(4,64),continued_fractions(co_binary)))": 531,
	"opt(dictionary(hybrid(4,64),continued_fractions(dichotomic)))": 528,
	"opt(dictionary(hybrid(4,64),heuristic(use_first(halving,approximation))))": 531,
	"opt(dictionary(hybrid(4,64),heuristic(use_first(halving,delta_largest))))": 562,
	"opt(dictionary(hybrid(5,0),continued_fractions(binary)))": 764,
	"opt(dictionary(hybrid(5,0),continued_fractions(co_binary)))": 764,
	"opt(dictionary(hybrid(5,0),continued_fractions(dichotomic)))": 527,
	"opt(dictionary(hybrid(5,0),heuristic(use_first(halving,approximation))))": 764,
	"opt(dictionary(hybrid(5,0),heuristic(use_first(halving,delta_largest))))": 1012,
	"opt(dictionary(hybrid(5,16),continued_fractions(binary)))": 549,
	"opt(dictionary(hybrid(5,16),continued_fractions(co_binary)))": 549,
	"opt(dictionary(hybrid(5,16),continued_fractions(dichotomic)))": 549,
	"opt(dictionary(hybrid(5,16),heuristic(use_first(halving,approximation))))": 549,
	"opt(dictionary(hybrid(5,16),heuristic(use_first(halving,delta_largest))))": 551,
	"opt(dictionary(hybrid(5,32),continued_fractions(binary)))": 534,
	"opt(dictionary(hybrid(5,32),continued_fractions(co_binary)))": 534,
	"opt(dictionary(hybrid(5,32),continued_fractions(dichotomic)))": 534,
	"opt(dictionary(hybrid(5,32),heuristic(use_first(halving,approximation))))": 534,
	"opt(dictionary(hybrid(5,32),heuristic(use_first(halving,delta_largest))))": 539,
	"opt(dictionary(hybrid(5,64),continued_fractions(binary)))": 531,
	"opt(dictionary(hybrid(5,64),continued_fractions(co_binary)))": 531,
	"opt(dictionary(hybrid(5,64),continued_fractions(dichotomic)))": 528,
	"opt(dictionary(hybrid(5,64),heuristic(use_first(halving,approximation))))": 531,
	"opt(dictionary(hybrid(5,64),heuristic(use_first(halving,delta_largest))))": 562,
	"opt(dictionary(hybrid(6,0),continued_fractions(binary)))": 764,
	"opt(dictionary(hybrid(6,0),continued_fractions(co_binary)))": 764,
	"opt(dictionary(hybrid(6,0),continued_fractions(dichotomic)))": 528,
	"opt(dictionary(hybrid(6,0),heuristic(use_first(halving,approximation))))": 600,
	"opt(dictionary(hybrid(6,0),heuristic(use_first(halving,delta_largest))))": 1009,
	"opt(dictionary(hybrid(6,16),continued_fractions(binary)))": 550,
	"opt(dictionary(hybrid(6,16),continued_fractions(co_binary)))": 550,
	"opt(dictionary(hybrid(6,16),continued_fractions(dichotomic)))": 550,
	"opt(dictionary(hybrid(6,16),heuristic(use_first(halving,approximation))))": 549,
	"opt(dictionary(hybrid(6,16),heuristic(use_first(halving,delta_largest))))": 551,
	"opt(dictionary(hybrid(6,32),continued_fractions(binary)))": 538,
	"opt(dictionary(hybrid(6,32),continued_fractions(co_binary)))": 538,
	"opt(dictionary(hybrid(6,32),continued_fractions(dichotomic)))": 537,
	"opt(dictionary(hybrid(6,32),heuristic(use_first(halving,approximation))))": 536,
	"opt(dictionary(hybrid(6,32),heuristic(use_first(halving,delta_largest))))": 540,
	"opt(dictionary(hybrid(6,64),continued_fractions(binary)))": 531,
	"opt(dictionary(hybrid(6,64),continued_fractions(co_binary)))": 531,
	"opt(dictionary(hybrid(6,64),continued_fractions(dichotomic)))": 528,
	"opt(dictionary(hybrid(6,64),heuristic(use_first(halving,approximation))))": 531,
	"opt(dictionary(hybrid(6,64),heuristic(use_first(halving,delta_largest))))": 563,
	"opt(dictionary(hybrid(7,0),continued_fractions(binary)))": 764,
	"opt(dictionary(hybrid(7,0),continued_fractions(co_binary)))": 764,
	"opt(dictionary(hybrid(7,0),continued_fractions(dichotomic)))": 565,
	"opt(dictionary(hybrid(7,0),heuristic(use_first(halving,approximation))))": 587,
	"opt(dictionary(hybrid(7,0),heuristic(use_first(halving,delta_largest))))": 1006,
	"opt(dictionary(hybrid(7,16),continued_fractions(binary)))": 548,
	"opt(dictionary(hybrid(7,16),continued_fractions(co_binary)))": 548,
	"opt(dictionary(hybrid(7,16),continued_fractions(dichotomic)))": 548,
	"opt(dictionary(hybrid(7,16),heuristic(use_first(halving,approximation))))": 548,
	"opt(dictionary(hybrid(7,16),heuristic(use_first(halving,delta_largest))))": 551,
	"opt(dictionary(hybrid(7,32),continued_fractions(binary)))": 536,
	"opt(dictionary(hybrid(7,32),continued_fractions(co_binary)))": 536,
	"opt(dictionary(hybrid(7,32),continued_fractions(dichotomic)))": 536,
	"opt(dictionary(hybrid(7,32),heuristic(use_first(halving,approximation))))": 535,
	"opt(dictionary(hybrid(7,32),heuristic(use_first(halving,delta_largest))))": 539,
	"opt(dictionary(hybrid(7,64),continued_fractions(binary)))": 530,
	"opt(dictionary(hybrid(7,64),continued_fractions(co_binary)))": 530,
	"opt(dictionary(hybrid(7,64),continued_fractions(dichotomic)))": 528,
	"opt(dictionary(hybrid(7,64),heuristic(use_first(halving,approximation))))": 530,
	"opt(dictionary(hybrid(7,64),heuristic(use_first(halving,delta_largest))))": 562,
	"opt(dictionary(hybrid(8,0),continued_fractions(binary)))": 764,
	"opt(dictionary(hybrid(8,0),continued_fractions(co_binary)))": 764,
	"opt(dictionary(hybrid(8,0),continued_fractions(dichotomic)))": 565,
	"opt(dictionary(hybrid(8,0),heuristic(use_first(halving,approximation))))": 587,
	"opt(dictionary(hybrid(8,0),heuristic(use_first(halving,delta_largest))))": 1006,
	"opt(dictionary(hybrid(8,16),continued_fractions(binary)))": 548,
	"opt(dictionary(hybrid(8,16),continued_fractions(co_binary)))": 548,
	"opt(dictionary(hybrid(8,16),continued_fractions(dichotomic)))": 548,
	"opt(dictionary(hybrid(8,16),heuristic(use_first(halving,approximation))))": 548,
	"opt(dictionary(hybrid(8,16),heuristic(use_first(halving,delta_largest))))": 551,
	"opt(dictionary(hybrid(8,32),continued_fractions(binary)))": 536,
	"opt(dictionary(hybrid(8,32),continued_fractions(co_binary)))": 536,
	"opt(dictionary(hybrid(8,32),continued_fractions(dichotomic)))": 536,
	"opt(dictionary(hybrid(8,32),heuristic(use_first(halving,approximation))))": 535,
	"opt(dictionary(hybrid(8,32),heuristic(use_first(halving,delta_largest))))": 539,
	"opt(dictionary(hybrid(8,64),continued_fractions(binary)))": 530,
	"opt(dictionary(hybrid(8,64),continued_fractions(co_binary)))": 530,
	"opt(dictionary(hybrid(8,64),continued_fractions(dichotomic)))": 528,
	"opt(dictionary(hybrid(8,64),heuristic(use_first(halving,approximation))))": 530,
	"opt(dictionary(hybrid(8,64),heuristic(use_first(halving,delta_largest))))": 562,
	"opt(dictionary(run_length(0),continued_fractions(binary)))": 764,
	"opt(dictionary(run_length(0),continued_fractions(co_binary)))": 764,
	"opt(dictionary(run_length(0),continued_fractions(dichotomic)))": 527,
	"opt(dictionary(run_length(0),heuristic(use_first(halving,approximation))))": 764,
	"opt(dictionary(run_length(0),heuristic(use_first(halving,delta_largest))))": 1012,
	"opt(dictionary(run_length(128),continued_fractions(binary)))": 534,
	"opt(dictionary(run_length(128),continued_fractions(co_binary)))": 534,
	"opt(dictionary(run_length(128),continued_fractions(dichotomic)))": 526,
	"opt(dictionary(run_length(128),heuristic(use_first(halving,approximation))))": 534,
	"opt(dictionary(run_length(128),heuristic(use_first(halving,delta_largest))))": 623,
	"opt(dictionary(run_length(16),continued_fractions(binary)))": 549,
	"opt(dictionary(run_length(16),continued_fractions(co_binary)))": 549,
	"opt(dictionary(run_length(16),continued_fractions(dichotomic)))": 549,
	"opt(dictionary(run_length(16),heuristic(use_first(halving,approximation))))": 549,
	"opt(dictionary(run_length(16),heuristic(use_first(halving,delta_largest))))": 551,
	"opt(dictionary(run_length(32),continued_fractions(binary)))": 534,
	"opt(dictionary(run_length(32),continued_fractions(co_binary)))": 534,
	"opt(dictionary(run_length(32),continued_fractions(dichotomic)))": 534,
	"opt(dictionary(run_length(32),heuristic(use_first(halving,approximation))))": 534,
	"opt(dictionary(run_length(32),heuristic(use_first(halving,delta_largest))))": 539,
	"opt(dictionary(run_length(64),continued_fractions(binary)))": 531,
	"opt(dictionary(run_length(64),continued_fractions(co_binary)))": 531,
	"opt(dictionary(run_length(64),continued_fractions(dichotomic)))": 528,
	"opt(dictionary(run_length(64),heuristic(use_first(halving,approximation))))": 531,
	"opt(dictionary(run_length(64),heuristic(use_first(halving,delta_largest))))": 562,
	"opt(dictionary(sliding_window(128),continued_fractions(binary)))": 580,
	"opt(dictionary(sliding_window(128),continued_fractions(co_binary)))": 580,
	"opt(dictionary(sliding_window(128),continued_fractions(dichotomic)))": 540,
	"opt(dictionary(sliding_window(128),heuristic(use_first(halving,approximation))))": 542,
	"opt(dictionary(sliding_window(128),heuristic(use_first(halving,delta_largest))))": 633,
	"opt(dictionary(sliding_window(16),continued_fractions(binary)))": 552,
	"opt(dictionary(sliding_window(16),continued_fractions(co_binary)))": 552,
	"opt(dictionary(sliding_window(16),continued_fractions(dichotomic)))": 550,
	"opt(dictionary(sliding_window(16),heuristic(use_first(halving,approximation))))": 549,
	"opt(dictionary(sliding_window(16),heuristic(use_first(halving,delta_largest))))": 549,
	"opt(dictionary(sliding_window(32),continued_fractions(binary)))": 544,
	"opt(dictionary(sliding_window(32),continued_fractions(co_binary)))": 544,
	"opt(dictionary(sliding_window(32),continued_fractions(dichotomic)))": 539,
	"opt(dictionary(sliding_window(32),heuristic(use_first(halving,approximation))))": 542,
	"opt(dictionary(sliding_window(32),heuristic(use_first(halving,delta_largest))))": 549,
	"opt(dictionary(sliding_window(4),continued_fractions(binary)))": 640,
	"opt(dictionary(sliding_window(4),continued_fractions(co_binary)))": 640,
	"opt(dictionary(sliding_window(4),continued_fractions(dichotomic)))": 640,
	"opt(dictionary(sliding_window(4),heuristic(use_first(halving,approximation))))": 640,
	"opt(dictionary(sliding_window(4),heuristic(use_first(halving,delta_largest))))": 640,
	"opt(dictionary(sliding_window(64),continued_fractions(binary)))": 554,
	"opt(dictionary(sliding_window(64),continued_fractions(co_binary)))": 554,
	"opt(dictionary(sliding_window(64),continued_fractions(dichotomic)))": 541,
	"opt(dictionary(sliding_window(64),heuristic(use_first(halving,approximation))))": 538,
	"opt(dictionary(sliding_window(64),heuristic(use_first(halving,delta_largest))))": 573,
	"opt(dictionary(sliding_window(8),continued_fractions(binary)))": 578,
	"opt(dictionary(sliding_window(8),continued_fractions(co_binary)))": 578,
	"opt(dictionary(sliding_window(8),continued_fractions(dichotomic)))": 578,
	"opt(dictionary(sliding_window(8),heuristic(use_first(halving,approximation))))": 578,
	"opt(dictionary(sliding_window(8),heuristic(use_first(halving,delta_largest))))": 578,
	"opt(runs(continued_fractions(binary)))": 527,
	"opt(runs(continued_fractions(co_binary)))": 527,
	"opt(runs(continued_fractions(dichotomic)))": 525,
	"opt(runs(heuristic(use_first(halving,approximation))))": 526,
	"opt(runs(heuristic(use_first(halving,delta_largest))))": 528
}