_10       = 2*1
_11       = 1 + _10
_101      = _10 + _11
_111      = _10 + _101
_1001     = _10 + _111
_1011     = _10 + _1001
_1101     = _10 + _1011
_110100   = _1101 << 2
_111111   = _1011 + _110100
_1111110  = 2*_111111
_1111111  = 1 + _1111110
_11111110 = 2*_1111111
_11111111 = 1 + _11111110
i17       = _11111111 << 3
i19       = i17 << 2
i21       = i19 << 2
i39       = (i21 << 6 + i19) << 10 + i21
x63       = (i39 << 4 + i17) << 28 + i39 + _1111111
x64       = 2*x63 + 1
x127      = x64 << 63 + x63
i154      = ((x127 << 5 + _1011) << 3 + _101) << 4
i166      = ((_101 + i154) << 4 + _111) << 5 + _1101
i181      = ((i166 << 2 + _11) << 5 + _111) << 6
i193      = ((_1101 + i181) << 5 + _1011) << 4 + _1101
i214      = ((i193 << 3 + 1) << 6 + _101) << 10
i230      = ((_111 + i214) << 4 + _111) << 9 + _11111111
i247      = ((i230 << 5 + _1001) << 6 + _1011) << 4
i261      = ((_1101 + i247) << 5 + _11) << 6 + _1101
i283      = ((i261 << 10 + _1101) << 4 + _1001) << 6
return      (1 + i283) << 8 + _111111
