_10      = 2*1
_11      = 1 + _10
_1100    = _11 << 2
_1111    = _11 + _1100
_11110   = 2*_1111
_11111   = 1 + _11110
_1111100 = _11111 << 2
_1111111 = _11 + _1111100
x11      = _1111111 << 4 + _1111
x22      = x11 << 11 + x11
x27      = x22 << 5 + _11111
x54      = x27 << 27 + x27
x108     = x54 << 54 + x54
x216     = x108 << 108 + x108
x223     = x216 << 7 + _1111111
i266     = ((x223 << 23 + x22) << 5 + 1) << 3
return     (_11 + i266) << 2
