_100     = 1 << 2
_101     = 1 + _100
_10100   = _101 << 2
_10101   = 1 + _10100
_101010  = 2*_10101
_111111  = _10101 + _101010
_1111110 = 2*_111111
x12      = _1111110 << 5 + _111111
x19      = x12 << 7 + _1111110 + 1
i25      = 2*x19
i45      = i25 << 19 + i25
x57      = i45 << 18 + x19
i104     = x57 << 39 + i45
x191     = i104 << 95 + i104 + 1
i235     = ((x191 << 20 + x19) << 7 + _10101) << 5
return     2*(_10101 + i235) + 1
