{
	"opt(dictionary(hybrid(2,0),continued_fractions(binary)))": 210,
	"opt(dictionary(hybrid(2,0),continued_fractions(co_binary)))": 210,
	"opt(dictionary(hybrid(2,0),continued_fractions(dichotomic)))": 206,
	"opt(dictionary(hybrid(2,0),heuristic(use_first(halving,approximation))))": 210,
	"opt(dictionary(hybrid(2,0),heuristic(use_first(halving,delta_largest))))": 328,
	"opt(dictionary(hybrid(2,16),continued_fractions(binary)))": 213,
	"opt(dictionary(hybrid(2,16),continued_fractions(co_binary)))": 213,
	"opt(dictionary(hybrid(2,16),continued_fractions(dichotomic)))": 212,
	"opt(dictionary(hybrid(2,16),heuristic(use_first(halving,approximation))))": 213,
	"opt(dictionary(hybrid(2,16),heuristic(use_first(halving,delta_largest))))": 217,
	"opt(dictionary(hybrid(2,32),continued_fractions(binary)))": 208,
	"opt(dictionary(hybrid(2,32),continued_fractions(co_binary)))": 208,
	"opt(dictionary(hybrid(2,32),continued_fractions(dichotomic)))": 208,
	"opt(dictionary(hybrid(2,32),heuristic(use_first(halving,approximation))))": 208,
	"opt(dictionary(hybrid(2,32),heuristic(use_first(halving,delta_largest))))": 208,
	"opt(dictionary(hybrid(2,64),continued_fractions(binary)))": 207,
	"opt(dictionary(hybrid(2,64),continued_fractions(co_binary)))": 207,
	"opt(dictionary(hybrid(2,64),continued_fractions(dichotomic)))": 207,
	"opt(dictionary(hybrid(2,64),heuristic(use_first(halving,approximation))))": 207,
	"opt(dictionary(hybrid(2,64),heuristic(use_first(halving,delta_largest))))": 210,
	"opt(dictionary(hybrid(3,0),continued_fractions(binary)))": 209,
	"opt(dictionary(hybrid(3,0),continued_fractions(co_binary)))": 209,
	"opt(dictionary(hybrid(3,0),continued_fractions(dichotomic)))": 205,
	"opt(dictionary(hybrid(3,0),heuristic(use_first(halving,approximation))))": 209,
	"opt(dictionary(hybrid(3,0),heuristic(use_first(halving,delta_largest))))": 327,
	"opt(dictionary(hybrid(3,16),continued_fractions(binary)))": 212,
	"opt(dictionary(hybrid(3,16),continued_fractions(co_binary)))": 212,
	"opt(dictionary(hybrid(3,16),continued_fractions(dichotomic)))": 211,
	"opt(dictionary(hybrid(3,16),heuristic(use_first(halving,approximation))))": 212,
	"opt(dictionary(hybrid(3,16),heuristic(use_first(halving,delta_largest))))": 216,
	"opt(dictionary(hybrid(3,32),continued_fractions(binary)))": 207,
	"opt(dictionary(hybrid(3,32),continued_fractions(co_binary)))": 207,
	"opt(dictionary(hybrid(3,32),continued_fractions(dichotomic)))": 207,
	"opt(dictionary(hybrid(3,32),heuristic(use_first(halving,approximation))))": 207,
	"opt(dictionary(hybrid(3,32),heuristic(use_first(halving,delta_largest))))": 207,
	"opt(dictionary(hybrid(3,64),continued_fractions(binary)))": 206,
	"opt(dictionary(hybrid(3,64),continued_fractions(co_binary)))": 206,
	"opt(dictionary(hybrid(3,64),continued_fractions(dichotomic)))": 206,
	"opt(dictionary(hybrid(3,64),heuristic(use_first(halving,approximation))))": 206,
	"opt(dictionary(hybrid(3,64),heuristic(use_first(halving,delta_largest))))": 209,
	"opt(dictionary(hybrid(4,0),continued_fractions(binary)))": 210,
	"opt(dictionary(hybrid(4,0),continued_fractions(co_binary)))": 210,
	"opt(dictionary(hybrid(4,0),continued_fractions(dichotomic)))": 206,
	"opt(dictionary(hybrid(4,0),heuristic(use_first(halving,approximation))))": 210,
	"opt(dictionary(hybrid(4,0),heuristic(use_first(halving,delta_largest))))": 328,
	"opt(dictionary(hybrid(4,16),continued_fractions(binary)))": 214,
	"opt(dictionary(hybrid(4,16),continued_fractions(co_binary)))": 214,
	"opt(dictionary(hybrid(4,16),continued_fractions(dichotomic)))": 212,
	"opt(dictionary(hybrid(4,16),heuristic(use_first(halving,approximation))))": 212,
	"opt(dictionary(hybrid(4,16),heuristic(use_first(halving,delta_largest))))": 218,
	"opt(dictionary(hybrid(4,32),continued_fractions(binary)))": 208,
	"opt(dictionary(hybrid(4,32),continued_fractions(co_binary)))": 208,
	"opt(dictionary(hybrid(4,32),continued_fractions(dichotomic)))": 208,
	"opt(dictionary(hybrid(4,32),heuristic(use_first(halving,approximation))))": 208,
	"opt(dictionary(hybrid(4,32),heuristic(use_first(halving,delta_largest))))": 208,
	"opt(dictionary(hybrid(4,64),continued_fractions(binary)))": 207,
	"opt(dictionary(hybrid(4,64),continued_fractions(co_binary)))": 207,
	"opt(dictionary(hybrid(4,64),continued_fractions(dichotomic)))": 207,
	"opt(dictionary(hybrid(4,64),heuristic(use_first(halving,approximation))))": 207,
	"opt(dictionary(hybrid(4,64),heuristic(use_first(halving,delta_largest))))": 210,
	"opt(dictionary(hybrid(5,0),continued_fractions(binary)))": 210,
	"opt(dictionary(hybrid(5,0),continued_fractions(co_binary)))": 210,
	"opt(dictionary(hybrid(5,0),continued_fractions(dichotomic)))": 206,
	"opt(dictionary(hybrid(5,0),heuristic(use_first(halving,approximation))))": 210,
	"opt(dictionary(hybrid(5,0),heuristic(use_first(halving,delta_largest))))": 328,
	"opt(dictionary(hybrid(5,16),continued_fractions(binary)))": 214,
	"opt(dictionary(hybrid(5,16),continued_fractions(co_binary)))": 214,
	"opt(dictionary(hybrid(5,16),continued_fractions(dichotomic)))": 213,
	"opt(dictionary(hybrid(5,16),heuristic(use_first(halving,approximation))))": 213,
	"opt(dictionary(hybrid(5,16),heuristic(use_first(halving,delta_largest))))": 216,
	"opt(dictionary(hybrid(5,32),continued_fractions(binary)))": 208,
	"opt(dictionary(hybrid(5,32),continued_fractions(co_binary)))": 208,
	"opt(dictionary(hybrid(5,32),continued_fractions(dichotomic)))": 208,
	"opt(dictionary(hybrid(5,32),heuristic(use_first(halving,approximation))))": 208,
	"opt(dictionary(hybrid(5,32),heuristic(use_first(halving,delta_largest))))": 208,
	"opt(dictionary(hybrid(5,64),continued_fractions(binary)))": 207,
	"opt(dictionary(hybrid(5,64),continued_fractions(co_binary)))": 207,
	"opt(dictionary(hybrid(5,64),continued_fractions(dichotomic)))": 207,
	"opt(dictionary(hybrid(5,64),heuristic(use_first(halving,approximation))))": 207,
	"opt(dictionary(hybrid(5,64),heuristic(use_first(halving,delta_largest))))": 210,
	"opt(dictionary(hybrid(6,0),continued_fractions(binary)))": 210,
	"opt(dictionary(hybrid(6,0),continued_fractions(co_binary)))": 210,
	"opt(dictionary(hybrid(6,0),continued_fractions(dichotomic)))": 206,
	"opt(dictionary(hybrid(6,0),heuristic(use_first(halving,approximation))))": 211,
	"opt(dictionary(hybrid(6,0),heuristic(use_first(halving,delta_largest))))": 329,
	"opt(dictionary(hybrid(6,16),continued_fractions(binary)))": 214,
	"opt(dictionary(hybrid(6,16),continued_fractions(co_binary)))": 214,
	"opt(dictionary(hybrid(6,16),continued_fractions(dichotomic)))": 213,
	"opt(dictionary(hybrid(6,16),heuristic(use_first(halving,approximation))))": 212,
	"opt(dictionary(hybrid(6,16),heuristic(use_first(halving,delta_largest))))": 214,
	"opt(dictionary(hybrid(6,32),continued_fractions(binary)))": 208,
	"opt(dictionary(hybrid(6,32),continued_fractions(co_binary)))": 208,
	"opt(dictionary(hybrid(6,32),continued_fractions(dichotomic)))": 208,
	"opt(dictionary(hybrid(6,32),heuristic(use_first(halving,approximation))))": 209,
	"opt(dictionary(hybrid(6,32),heuristic(use_first(halving,delta_largest))))": 209,
	"opt(dictionary(hybrid(6,64),continued_fractions(binary)))": 207,
	"opt(dictionary(hybrid(6,64),continued_fractions(co_binary)))": 207,
	"opt(dictionary(hybrid(6,64),continued_fractions(dichotomic)))": 207,
	"opt(dictionary(hybrid(6,64),heuristic(use_first(halving,approximation))))": 208,
	"opt(dictionary(hybrid(6,64),heuristic(use_first(halving,delta_largest))))": 211,
	"opt(dictionary(hybrid(7,0),continued_fractions(binary)))": 210,
	"opt(dictionary(hybrid(7,0),continued_fractions(co_binary)))": 210,
	"opt(dictionary(hybrid(7,0),continued_fractions(dichotomic)))": 206,
	"opt(dictionary(hybrid(7,0),heuristic(use_first(halving,approximation))))": 211,
	"opt(dictionary(hybrid(7,0),heuristic(use_first(halving,delta_largest))))": 329,
	"opt(dictionary(hybrid(7,16),continued_fractions(binary)))": 214,
	"opt(dictionary(hybrid(7,16),continued_fractions(co_binary)))": 214,
	"opt(dictionary(hybrid(7,16),continued_fractions(dichotomic)))": 214,
	"opt(dictionary(hybrid(7,16),heuristic(use_first(halving,approximation))))": 213,
	"opt(dictionary(hybrid(7,16),heuristic(use_first(halving,delta_largest))))": 213,
	"opt(dictionary(hybrid(7,32),continued_fractions(binary)))": 208,
	"opt(dictionary(hybrid(7,32),continued_fractions(co_binary)))": 208,
	"opt(dictionary(hybrid(7,32),continued_fractions(dichotomic)))": 208,
	"opt(dictionary(hybrid(7,32),heuristic(use_first(halving,approximation))))": 209,
	"opt(dictionary(hybrid(7,32),heuristic(use_first(halving,delta_largest))))": 208,
	"opt(dictionary(hybrid(7,64),continued_fractions(binary)))": 208,
	"opt(dictionary(hybrid(7,64),continued_fractions(co_binary)))": 208,
	"opt(dictionary(hybrid(7,64),continued_fractions(dichotomic)))": 208,
	"opt(dictionary(hybrid(7,64),heuristic(use_first(halving,approximation))))": 208,
	"opt(dictionary(hybrid(7,64),heuristic(use_first(halving,delta_largest))))": 209,
	"opt(dictionary(hybrid(8,0),continued_fractions(binary)))": 212,
	"opt(dictionary(hybrid(8,0),continued_fractions(co_binary)))": 212,
	"opt(dictionary(hybrid(8,0),continued_fractions(dichotomic)))": 209,
	"opt(dictionary(hybrid(8,0),heuristic(use_first(halving,approximation))))": 212,
	"opt(dictionary(hybrid(8,0),heuristic(use_first(halving,delta_largest))))": 329,
	"opt(dictionary(hybrid(8,16),continued_fractions(binary)))": 214,
	"opt(dictionary(hybrid(8,16),continued_fractions(co_binary)))": 214,
	"opt(dictionary(hybrid(8,16),continued_fractions(dichotomic)))": 214,
	"opt(dictionary(hybrid(8,16),heuristic(use_first(halving,approximation))))": 213,
	"opt(dictionary(hybrid(8,16),heuristic(use_first(halving,delta_largest))))": 213,
	"opt(dictionary(hybrid(8,32),continued_fractions(binary)))": 209,
	"opt(dictionary(hybrid(8,32),continued_fractions(co_binary)))": 209,
	"opt(dictionary(hybrid(8,32),continued_fractions(dichotomic)))": 209,
	"opt(dictionary(hybrid(8,32),heuristic(use_first(halving,approximation))))": 210,
	"opt(dictionary(hybrid(8,32),heuristic(use_first(halving,delta_largest))))": 209,
	"opt(dictionary(hybrid(8,64),continued_fractions(binary)))": 208,
	"opt(dictionary(hybrid(8,64),continued_fractions(co_binary)))": 208,
	"opt(dictionary(hybrid(8,64),continued_fractions(dichotomic)))": 208,
	"opt(dictionary(hybrid(8,64),heuristic(use_first(halving,approximation))))": 209,
	"opt(dictionary(hybrid(8,64),heuristic(use_first(halving,delta_largest))))": 210,
	"opt(dictionary(run_length(0),continued_fractions(binary)))": 210,
	"opt(dictionary(run_length(0),continued_fractions(co_binary)))": 210,
	"opt(dictionary(run_length(0),continued_fractions(dichotomic)))": 206,
	"opt(dictionary(run_length(0),heuristic(use_first(halving,approximation))))": 210,
	"opt(dictionary(run_length(0),heuristic(use_first(halving,delta_largest))))": 328,
	"opt(dictionary(run_length(128),continued_fractions(binary)))": 209,
	"opt(dictionary(run_length(128),continued_fractions(co_binary)))": 209,
	"opt(dictionary(run_length(128),continued_fractions(dichotomic)))": 208,
	"opt(dictionary(run_length(128),heuristic(use_first(halving,approximation))))": 209,
	"opt(dictionary(run_length(128),heuristic(use_first(halving,delta_largest))))": 274,
	"opt(dictionary(run_length(16),continued_fractions(binary)))": 213,
	"opt(dictionary(run_length(16),continued_fractions(co_binary)))": 213,
	"opt(dictionary(run_length(16),continued_fractions(dichotomic)))": 212,
	"opt(dictionary(run_length(16),heuristic(use_first(halving,approximation))))": 213,
	"opt(dictionary(run_length(16),heuristic(use_first(halving,delta_largest))))": 217,
	"opt(dictionary(run_length(32),continued_fractions(binary)))": 208,
	"opt(dictionary(run_length(32),continued_fractions(co_binary)))": 208,
	"opt(dictionary(run_length(32),continued_fractions(dichotomic)))": 208,
	"opt(dictionary(run_length(32),heuristic(use_first(halving,approximation))))": 208,
	"opt(dictionary(run_length(32),heuristic(use_first(halving,delta_largest))))": 208,
	"opt(dictionary(run_length(64),continued_fractions(binary)))": 207,
	"opt(dictionary(run_length(64),continued_fractions(co_binary)))": 207,
	"opt(dictionary(run_length(64),continued_fractions(dichotomic)))": 207,
	"opt(dictionary(run_length(64),heuristic(use_first(halving,approximation))))": 207,
	"opt(dictionary(run_length(64),heuristic(use_first(halving,delta_largest))))": 210,
	"opt(dictionary(sliding_window(128),continued_fractions(binary)))": 236,
	"opt(dictionary(sliding_window(128),continued_fractions(co_binary)))": 236,
	"opt(dictionary(sliding_window(128),continued_fractions(dichotomic)))": 239,
	"opt(dictionary(sliding_window(128),heuristic(use_first(halving,approximation))))": 216,
	"opt(dictionary(sliding_window(128),heuristic(use_first(halving,delta_largest))))": 213,
	"opt(dictionary(sliding_window(16),continued_fractions(binary)))": 213,
	"opt(dictionary(sliding_window(16),continued_fractions(co_binary)))": 213,
	"opt(dictionary(sliding_window(16),continued_fractions(dichotomic)))": 213,
	"opt(dictionary(sliding_window(16),heuristic(use_first(halving,approximation))))": 212,
	"opt(dictionary(sliding_window(16),heuristic(use_first(halving,delta_largest))))": 214,
	"opt(dictionary(sliding_window(32),continued_fractions(binary)))": 214,
	"opt(dictionary(sliding_window(32),continued_fractions(co_binary)))": 214,
	"opt(dictionary(sliding_window(32),continued_fractions(dichotomic)))": 212,
	"opt(dictionary(sliding_window(32),heuristic(use_first(halving,approximation))))": 213,
	"opt(dictionary(sliding_window(32),heuristic(use_first(halving,delta_largest))))": 217,
	"opt(dictionary(sliding_window(4),continued_fractions(binary)))": 241,
	"opt(dictionary(sliding_window(4),continued_fractions(co_binary)))": 241,
	"opt(dictionary(sliding_window(4),continued_fractions(dichotomic)))": 241,
	"opt(dictionary(sliding_window(4),heuristic(use_first(halving,approximation))))": 241,
	"opt(dictionary(sliding_window(4),heuristic(use_first(halving,delta_largest))))": 241,
	"opt(dictionary(sliding_window(64),continued_fractions(binary)))": 237,
	"opt(dictionary(sliding_window(64),continued_fractions(co_binary)))": 237,
	"opt(dictionary(sliding_window(64),continued_fractions(dichotomic)))": 222,
	"opt(dictionary(sliding_window(64),heuristic(use_first(halving,approximation))))": 216,
	"opt(dictionary(sliding_window(64),heuristic(use_first(halving,delta_largest))))": 213,
	"opt(dictionary(sliding_window(8),continued_fractions(binary)))": 220,
	"opt(dictionary(sliding_window(8),continued_fractions(co_binary)))": 220,
	"opt(dictionary(sliding_window(8),continued_fractions(dichotomic)))": 220,
	"opt(dictionary(sliding_window(8),heuristic(use_first(halving,approximation))))": 222,
	"opt(dictionary(sliding_window(8),heuristic(use_first(halving,delta_largest))))": 222,
	"opt(runs(continued_fractions(binary)))": 206,
	"opt(runs(continued_fractions(co_binary)))": 206,
	"opt(runs(continued_fractions(dichotomic)))": 206,
	"opt(runs(heuristic(use_first(halving,approximation))))": 207,
	"opt(runs(heuristic(use_first(halving,delta_largest))))": 207
}